{"type":"test","id":"examples/test-runner/json_report.kai:triples","file":"examples/test-runner/json_report.kai","line":8,"status":"pass","duration_ms":N}
{"type":"test","id":"examples/test-runner/json_report.kai:this one fails","file":"examples/test-runner/json_report.kai","line":17,"status":"fail","duration_ms":N,"message":"assertion failed"}
{"type":"summary","passed":1,"failed":1,"duration_ms":N}
