{"type":"test","id":"examples/test-runner/json_report.kai:triples","file":"examples/test-runner/json_report.kai","line":8,"status":"pass","duration_ms":N}
{"type":"test","id":"examples/test-runner/json_report.kai:prints while passing","file":"examples/test-runner/json_report.kai","line":12,"status":"pass","duration_ms":N}
{"type":"test","id":"examples/test-runner/json_report.kai:this one fails","file":"examples/test-runner/json_report.kai","line":17,"status":"fail","duration_ms":N,"message":"assertion failed"}
{"type":"test","id":"examples/test-runner/json_report.kai:escapes: \"quoted\" and a tab\there","file":"examples/test-runner/json_report.kai","line":21,"status":"pass","duration_ms":N}
{"type":"summary","passed":3,"failed":1,"duration_ms":N}
