# kaic2 --dump-brands
# brand allocations (one per `nursery { n -> ... }` site):
brand 0 cap=outer at=../examples/effects/m8x_8_brand_dump.kai:12:23
brand 1 cap=inner at=../examples/effects/m8x_8_brand_dump.kai:14:31
# call attributions (one per rewritten `n.<op>` site):
call op=spawn brand=0 at=../examples/effects/m8x_8_brand_dump.kai:13:24
call op=spawn brand=1 at=../examples/effects/m8x_8_brand_dump.kai:15:26
call op=await brand=1 at=../examples/effects/m8x_8_brand_dump.kai:16:18
call op=await brand=0 at=../examples/effects/m8x_8_brand_dump.kai:18:16
