fiber 8 line 200 ........................................
fiber 8 line 199 ........................................
fiber 8 line 198 ........................................
fiber 8 line 197 ........................................
fiber 8 line 196 ........................................
fiber 8 line 195 ........................................
fiber 8 line 194 ........................................
fiber 8 line 193 ........................................
fiber 8 line 192 ........................................
fiber 8 line 191 ........................................
fiber 8 line 190 ........................................
fiber 8 line 189 ........................................
fiber 8 line 188 ........................................
fiber 8 line 187 ........................................
fiber 8 line 186 ........................................
fiber 8 line 185 ........................................
fiber 8 line 184 ........................................
fiber 8 line 183 ........................................
fiber 8 line 182 ........................................
fiber 8 line 181 ........................................
fiber 8 line 180 ........................................
fiber 8 line 179 ........................................
fiber 8 line 178 ........................................
fiber 8 line 177 ........................................
fiber 8 line 176 ........................................
fiber 8 line 175 ........................................
fiber 8 line 174 ........................................
fiber 8 line 173 ........................................
fiber 8 line 172 ........................................
fiber 8 line 171 ........................................
fiber 8 line 170 ........................................
fiber 8 line 169 ........................................
fiber 8 line 168 ........................................
fiber 8 line 167 ........................................
fiber 8 line 166 ........................................
fiber 8 line 165 ........................................
fiber 8 line 164 ........................................
fiber 8 line 163 ........................................
fiber 8 line 162 ........................................
fiber 8 line 161 ........................................
fiber 8 line 160 ........................................
fiber 8 line 159 ........................................
fiber 8 line 158 ........................................
fiber 8 line 157 ........................................
fiber 8 line 156 ........................................
fiber 8 line 155 ........................................
fiber 8 line 154 ........................................
fiber 8 line 153 ........................................
fiber 8 line 152 ........................................
fiber 8 line 151 ........................................
fiber 8 line 150 ........................................
fiber 8 line 149 ........................................
fiber 8 line 148 ........................................
fiber 8 line 147 ........................................
fiber 8 line 146 ........................................
fiber 8 line 145 ........................................
fiber 8 line 144 ........................................
fiber 8 line 143 ........................................
fiber 8 line 142 ........................................
fiber 8 line 141 ........................................
fiber 8 line 140 ........................................
fiber 8 line 139 ........................................
fiber 8 line 138 ........................................
fiber 8 line 137 ........................................
fiber 8 line 136 ........................................
fiber 8 line 135 ........................................
fiber 8 line 134 ........................................
fiber 8 line 133 ........................................
fiber 8 line 132 ........................................
fiber 8 line 131 ........................................
fiber 8 line 130 ........................................
fiber 8 line 129 ........................................
fiber 8 line 128 ........................................
fiber 8 line 127 ........................................
fiber 8 line 126 ........................................
fiber 8 line 125 ........................................
fiber 8 line 124 ........................................
fiber 8 line 123 ........................................
fiber 8 line 122 ........................................
fiber 8 line 121 ........................................
fiber 8 line 120 ........................................
fiber 8 line 119 ........................................
fiber 8 line 118 ........................................
fiber 8 line 117 ........................................
fiber 8 line 116 ........................................
fiber 8 line 115 ........................................
fiber 8 line 114 ........................................
fiber 8 line 113 ........................................
fiber 8 line 112 ........................................
fiber 8 line 111 ........................................
fiber 8 line 110 ........................................
fiber 8 line 109 ........................................
fiber 8 line 108 ........................................
fiber 8 line 107 ........................................
fiber 8 line 106 ........................................
fiber 8 line 105 ........................................
fiber 8 line 104 ........................................
fiber 8 line 103 ........................................
fiber 8 line 102 ........................................
fiber 8 line 101 ........................................
fiber 8 line 100 ........................................
fiber 8 line 99 ........................................
fiber 8 line 98 ........................................
fiber 8 line 97 ........................................
fiber 8 line 96 ........................................
fiber 8 line 95 ........................................
fiber 8 line 94 ........................................
fiber 8 line 93 ........................................
fiber 8 line 92 ........................................
fiber 8 line 91 ........................................
fiber 8 line 90 ........................................
fiber 8 line 89 ........................................
fiber 8 line 88 ........................................
fiber 8 line 87 ........................................
fiber 8 line 86 ........................................
fiber 8 line 85 ........................................
fiber 8 line 84 ........................................
fiber 8 line 83 ........................................
fiber 8 line 82 ........................................
fiber 8 line 81 ........................................
fiber 8 line 80 ........................................
fiber 8 line 79 ........................................
fiber 8 line 78 ........................................
fiber 8 line 77 ........................................
fiber 8 line 76 ........................................
fiber 8 line 75 ........................................
fiber 8 line 74 ........................................
fiber 8 line 73 ........................................
fiber 8 line 72 ........................................
fiber 8 line 71 ........................................
fiber 8 line 70 ........................................
fiber 8 line 69 ........................................
fiber 8 line 68 ........................................
fiber 8 line 67 ........................................
fiber 8 line 66 ........................................
fiber 8 line 65 ........................................
fiber 8 line 64 ........................................
fiber 8 line 63 ........................................
fiber 8 line 62 ........................................
fiber 8 line 61 ........................................
fiber 8 line 60 ........................................
fiber 8 line 59 ........................................
fiber 8 line 58 ........................................
fiber 8 line 57 ........................................
fiber 8 line 56 ........................................
fiber 8 line 55 ........................................
fiber 8 line 54 ........................................
fiber 8 line 53 ........................................
fiber 8 line 52 ........................................
fiber 8 line 51 ........................................
fiber 8 line 50 ........................................
fiber 8 line 49 ........................................
fiber 8 line 48 ........................................
fiber 8 line 47 ........................................
fiber 8 line 46 ........................................
fiber 8 line 45 ........................................
fiber 8 line 44 ........................................
fiber 8 line 43 ........................................
fiber 8 line 42 ........................................
fiber 8 line 41 ........................................
fiber 8 line 40 ........................................
fiber 8 line 39 ........................................
fiber 8 line 38 ........................................
fiber 8 line 37 ........................................
fiber 8 line 36 ........................................
fiber 8 line 35 ........................................
fiber 8 line 34 ........................................
fiber 8 line 33 ........................................
fiber 8 line 32 ........................................
fiber 8 line 31 ........................................
fiber 8 line 30 ........................................
fiber 8 line 29 ........................................
fiber 8 line 28 ........................................
fiber 8 line 27 ........................................
fiber 8 line 26 ........................................
fiber 8 line 25 ........................................
fiber 8 line 24 ........................................
fiber 8 line 23 ........................................
fiber 8 line 22 ........................................
fiber 8 line 21 ........................................
fiber 8 line 20 ........................................
fiber 8 line 19 ........................................
fiber 8 line 18 ........................................
fiber 8 line 17 ........................................
fiber 8 line 16 ........................................
fiber 8 line 15 ........................................
fiber 8 line 14 ........................................
fiber 8 line 13 ........................................
fiber 8 line 12 ........................................
fiber 8 line 11 ........................................
fiber 8 line 10 ........................................
fiber 8 line 9 ........................................
fiber 8 line 8 ........................................
fiber 8 line 7 ........................................
fiber 8 line 6 ........................................
fiber 8 line 5 ........................................
fiber 8 line 4 ........................................
fiber 8 line 3 ........................................
fiber 8 line 2 ........................................
fiber 8 line 1 ........................................
fiber 7 line 200 ........................................
fiber 7 line 199 ........................................
fiber 7 line 198 ........................................
fiber 7 line 197 ........................................
fiber 7 line 196 ........................................
fiber 7 line 195 ........................................
fiber 7 line 194 ........................................
fiber 7 line 193 ........................................
fiber 7 line 192 ........................................
fiber 7 line 191 ........................................
fiber 7 line 190 ........................................
fiber 7 line 189 ........................................
fiber 7 line 188 ........................................
fiber 7 line 187 ........................................
fiber 7 line 186 ........................................
fiber 7 line 185 ........................................
fiber 7 line 184 ........................................
fiber 7 line 183 ........................................
fiber 7 line 182 ........................................
fiber 7 line 181 ........................................
fiber 7 line 180 ........................................
fiber 7 line 179 ........................................
fiber 7 line 178 ........................................
fiber 7 line 177 ........................................
fiber 7 line 176 ........................................
fiber 7 line 175 ........................................
fiber 7 line 174 ........................................
fiber 7 line 173 ........................................
fiber 7 line 172 ........................................
fiber 7 line 171 ........................................
fiber 7 line 170 ........................................
fiber 7 line 169 ........................................
fiber 7 line 168 ........................................
fiber 7 line 167 ........................................
fiber 7 line 166 ........................................
fiber 7 line 165 ........................................
fiber 7 line 164 ........................................
fiber 7 line 163 ........................................
fiber 7 line 162 ........................................
fiber 7 line 161 ........................................
fiber 7 line 160 ........................................
fiber 7 line 159 ........................................
fiber 7 line 158 ........................................
fiber 7 line 157 ........................................
fiber 7 line 156 ........................................
fiber 7 line 155 ........................................
fiber 7 line 154 ........................................
fiber 7 line 153 ........................................
fiber 7 line 152 ........................................
fiber 7 line 151 ........................................
fiber 7 line 150 ........................................
fiber 7 line 149 ........................................
fiber 7 line 148 ........................................
fiber 7 line 147 ........................................
fiber 7 line 146 ........................................
fiber 7 line 145 ........................................
fiber 7 line 144 ........................................
fiber 7 line 143 ........................................
fiber 7 line 142 ........................................
fiber 7 line 141 ........................................
fiber 7 line 140 ........................................
fiber 7 line 139 ........................................
fiber 7 line 138 ........................................
fiber 7 line 137 ........................................
fiber 7 line 136 ........................................
fiber 7 line 135 ........................................
fiber 7 line 134 ........................................
fiber 7 line 133 ........................................
fiber 7 line 132 ........................................
fiber 7 line 131 ........................................
fiber 7 line 130 ........................................
fiber 7 line 129 ........................................
fiber 7 line 128 ........................................
fiber 7 line 127 ........................................
fiber 7 line 126 ........................................
fiber 7 line 125 ........................................
fiber 7 line 124 ........................................
fiber 7 line 123 ........................................
fiber 7 line 122 ........................................
fiber 7 line 121 ........................................
fiber 7 line 120 ........................................
fiber 7 line 119 ........................................
fiber 7 line 118 ........................................
fiber 7 line 117 ........................................
fiber 7 line 116 ........................................
fiber 7 line 115 ........................................
fiber 7 line 114 ........................................
fiber 7 line 113 ........................................
fiber 7 line 112 ........................................
fiber 7 line 111 ........................................
fiber 7 line 110 ........................................
fiber 7 line 109 ........................................
fiber 7 line 108 ........................................
fiber 7 line 107 ........................................
fiber 7 line 106 ........................................
fiber 7 line 105 ........................................
fiber 7 line 104 ........................................
fiber 7 line 103 ........................................
fiber 7 line 102 ........................................
fiber 7 line 101 ........................................
fiber 7 line 100 ........................................
fiber 7 line 99 ........................................
fiber 7 line 98 ........................................
fiber 7 line 97 ........................................
fiber 7 line 96 ........................................
fiber 7 line 95 ........................................
fiber 7 line 94 ........................................
fiber 7 line 93 ........................................
fiber 7 line 92 ........................................
fiber 7 line 91 ........................................
fiber 7 line 90 ........................................
fiber 7 line 89 ........................................
fiber 7 line 88 ........................................
fiber 7 line 87 ........................................
fiber 7 line 86 ........................................
fiber 7 line 85 ........................................
fiber 7 line 84 ........................................
fiber 7 line 83 ........................................
fiber 7 line 82 ........................................
fiber 7 line 81 ........................................
fiber 7 line 80 ........................................
fiber 7 line 79 ........................................
fiber 7 line 78 ........................................
fiber 7 line 77 ........................................
fiber 7 line 76 ........................................
fiber 7 line 75 ........................................
fiber 7 line 74 ........................................
fiber 7 line 73 ........................................
fiber 7 line 72 ........................................
fiber 7 line 71 ........................................
fiber 7 line 70 ........................................
fiber 7 line 69 ........................................
fiber 7 line 68 ........................................
fiber 7 line 67 ........................................
fiber 7 line 66 ........................................
fiber 7 line 65 ........................................
fiber 7 line 64 ........................................
fiber 7 line 63 ........................................
fiber 7 line 62 ........................................
fiber 7 line 61 ........................................
fiber 7 line 60 ........................................
fiber 7 line 59 ........................................
fiber 7 line 58 ........................................
fiber 7 line 57 ........................................
fiber 7 line 56 ........................................
fiber 7 line 55 ........................................
fiber 7 line 54 ........................................
fiber 7 line 53 ........................................
fiber 7 line 52 ........................................
fiber 7 line 51 ........................................
fiber 7 line 50 ........................................
fiber 7 line 49 ........................................
fiber 7 line 48 ........................................
fiber 7 line 47 ........................................
fiber 7 line 46 ........................................
fiber 7 line 45 ........................................
fiber 7 line 44 ........................................
fiber 7 line 43 ........................................
fiber 7 line 42 ........................................
fiber 7 line 41 ........................................
fiber 7 line 40 ........................................
fiber 7 line 39 ........................................
fiber 7 line 38 ........................................
fiber 7 line 37 ........................................
fiber 7 line 36 ........................................
fiber 7 line 35 ........................................
fiber 7 line 34 ........................................
fiber 7 line 33 ........................................
fiber 7 line 32 ........................................
fiber 7 line 31 ........................................
fiber 7 line 30 ........................................
fiber 7 line 29 ........................................
fiber 7 line 28 ........................................
fiber 7 line 27 ........................................
fiber 7 line 26 ........................................
fiber 7 line 25 ........................................
fiber 7 line 24 ........................................
fiber 7 line 23 ........................................
fiber 7 line 22 ........................................
fiber 7 line 21 ........................................
fiber 7 line 20 ........................................
fiber 7 line 19 ........................................
fiber 7 line 18 ........................................
fiber 7 line 17 ........................................
fiber 7 line 16 ........................................
fiber 7 line 15 ........................................
fiber 7 line 14 ........................................
fiber 7 line 13 ........................................
fiber 7 line 12 ........................................
fiber 7 line 11 ........................................
fiber 7 line 10 ........................................
fiber 7 line 9 ........................................
fiber 7 line 8 ........................................
fiber 7 line 7 ........................................
fiber 7 line 6 ........................................
fiber 7 line 5 ........................................
fiber 7 line 4 ........................................
fiber 7 line 3 ........................................
fiber 7 line 2 ........................................
fiber 7 line 1 ........................................
fiber 6 line 200 ........................................
fiber 6 line 199 ........................................
fiber 6 line 198 ........................................
fiber 6 line 197 ........................................
fiber 6 line 196 ........................................
fiber 6 line 195 ........................................
fiber 6 line 194 ........................................
fiber 6 line 193 ........................................
fiber 6 line 192 ........................................
fiber 6 line 191 ........................................
fiber 6 line 190 ........................................
fiber 6 line 189 ........................................
fiber 6 line 188 ........................................
fiber 6 line 187 ........................................
fiber 6 line 186 ........................................
fiber 6 line 185 ........................................
fiber 6 line 184 ........................................
fiber 6 line 183 ........................................
fiber 6 line 182 ........................................
fiber 6 line 181 ........................................
fiber 6 line 180 ........................................
fiber 6 line 179 ........................................
fiber 6 line 178 ........................................
fiber 6 line 177 ........................................
fiber 6 line 176 ........................................
fiber 6 line 175 ........................................
fiber 6 line 174 ........................................
fiber 6 line 173 ........................................
fiber 6 line 172 ........................................
fiber 6 line 171 ........................................
fiber 6 line 170 ........................................
fiber 6 line 169 ........................................
fiber 6 line 168 ........................................
fiber 6 line 167 ........................................
fiber 6 line 166 ........................................
fiber 6 line 165 ........................................
fiber 6 line 164 ........................................
fiber 6 line 163 ........................................
fiber 6 line 162 ........................................
fiber 6 line 161 ........................................
fiber 6 line 160 ........................................
fiber 6 line 159 ........................................
fiber 6 line 158 ........................................
fiber 6 line 157 ........................................
fiber 6 line 156 ........................................
fiber 6 line 155 ........................................
fiber 6 line 154 ........................................
fiber 6 line 153 ........................................
fiber 6 line 152 ........................................
fiber 6 line 151 ........................................
fiber 6 line 150 ........................................
fiber 6 line 149 ........................................
fiber 6 line 148 ........................................
fiber 6 line 147 ........................................
fiber 6 line 146 ........................................
fiber 6 line 145 ........................................
fiber 6 line 144 ........................................
fiber 6 line 143 ........................................
fiber 6 line 142 ........................................
fiber 6 line 141 ........................................
fiber 6 line 140 ........................................
fiber 6 line 139 ........................................
fiber 6 line 138 ........................................
fiber 6 line 137 ........................................
fiber 6 line 136 ........................................
fiber 6 line 135 ........................................
fiber 6 line 134 ........................................
fiber 6 line 133 ........................................
fiber 6 line 132 ........................................
fiber 6 line 131 ........................................
fiber 6 line 130 ........................................
fiber 6 line 129 ........................................
fiber 6 line 128 ........................................
fiber 6 line 127 ........................................
fiber 6 line 126 ........................................
fiber 6 line 125 ........................................
fiber 6 line 124 ........................................
fiber 6 line 123 ........................................
fiber 6 line 122 ........................................
fiber 6 line 121 ........................................
fiber 6 line 120 ........................................
fiber 6 line 119 ........................................
fiber 6 line 118 ........................................
fiber 6 line 117 ........................................
fiber 6 line 116 ........................................
fiber 6 line 115 ........................................
fiber 6 line 114 ........................................
fiber 6 line 113 ........................................
fiber 6 line 112 ........................................
fiber 6 line 111 ........................................
fiber 6 line 110 ........................................
fiber 6 line 109 ........................................
fiber 6 line 108 ........................................
fiber 6 line 107 ........................................
fiber 6 line 106 ........................................
fiber 6 line 105 ........................................
fiber 6 line 104 ........................................
fiber 6 line 103 ........................................
fiber 6 line 102 ........................................
fiber 6 line 101 ........................................
fiber 6 line 100 ........................................
fiber 6 line 99 ........................................
fiber 6 line 98 ........................................
fiber 6 line 97 ........................................
fiber 6 line 96 ........................................
fiber 6 line 95 ........................................
fiber 6 line 94 ........................................
fiber 6 line 93 ........................................
fiber 6 line 92 ........................................
fiber 6 line 91 ........................................
fiber 6 line 90 ........................................
fiber 6 line 89 ........................................
fiber 6 line 88 ........................................
fiber 6 line 87 ........................................
fiber 6 line 86 ........................................
fiber 6 line 85 ........................................
fiber 6 line 84 ........................................
fiber 6 line 83 ........................................
fiber 6 line 82 ........................................
fiber 6 line 81 ........................................
fiber 6 line 80 ........................................
fiber 6 line 79 ........................................
fiber 6 line 78 ........................................
fiber 6 line 77 ........................................
fiber 6 line 76 ........................................
fiber 6 line 75 ........................................
fiber 6 line 74 ........................................
fiber 6 line 73 ........................................
fiber 6 line 72 ........................................
fiber 6 line 71 ........................................
fiber 6 line 70 ........................................
fiber 6 line 69 ........................................
fiber 6 line 68 ........................................
fiber 6 line 67 ........................................
fiber 6 line 66 ........................................
fiber 6 line 65 ........................................
fiber 6 line 64 ........................................
fiber 6 line 63 ........................................
fiber 6 line 62 ........................................
fiber 6 line 61 ........................................
fiber 6 line 60 ........................................
fiber 6 line 59 ........................................
fiber 6 line 58 ........................................
fiber 6 line 57 ........................................
fiber 6 line 56 ........................................
fiber 6 line 55 ........................................
fiber 6 line 54 ........................................
fiber 6 line 53 ........................................
fiber 6 line 52 ........................................
fiber 6 line 51 ........................................
fiber 6 line 50 ........................................
fiber 6 line 49 ........................................
fiber 6 line 48 ........................................
fiber 6 line 47 ........................................
fiber 6 line 46 ........................................
fiber 6 line 45 ........................................
fiber 6 line 44 ........................................
fiber 6 line 43 ........................................
fiber 6 line 42 ........................................
fiber 6 line 41 ........................................
fiber 6 line 40 ........................................
fiber 6 line 39 ........................................
fiber 6 line 38 ........................................
fiber 6 line 37 ........................................
fiber 6 line 36 ........................................
fiber 6 line 35 ........................................
fiber 6 line 34 ........................................
fiber 6 line 33 ........................................
fiber 6 line 32 ........................................
fiber 6 line 31 ........................................
fiber 6 line 30 ........................................
fiber 6 line 29 ........................................
fiber 6 line 28 ........................................
fiber 6 line 27 ........................................
fiber 6 line 26 ........................................
fiber 6 line 25 ........................................
fiber 6 line 24 ........................................
fiber 6 line 23 ........................................
fiber 6 line 22 ........................................
fiber 6 line 21 ........................................
fiber 6 line 20 ........................................
fiber 6 line 19 ........................................
fiber 6 line 18 ........................................
fiber 6 line 17 ........................................
fiber 6 line 16 ........................................
fiber 6 line 15 ........................................
fiber 6 line 14 ........................................
fiber 6 line 13 ........................................
fiber 6 line 12 ........................................
fiber 6 line 11 ........................................
fiber 6 line 10 ........................................
fiber 6 line 9 ........................................
fiber 6 line 8 ........................................
fiber 6 line 7 ........................................
fiber 6 line 6 ........................................
fiber 6 line 5 ........................................
fiber 6 line 4 ........................................
fiber 6 line 3 ........................................
fiber 6 line 2 ........................................
fiber 6 line 1 ........................................
fiber 5 line 200 ........................................
fiber 5 line 199 ........................................
fiber 5 line 198 ........................................
fiber 5 line 197 ........................................
fiber 5 line 196 ........................................
fiber 5 line 195 ........................................
fiber 5 line 194 ........................................
fiber 5 line 193 ........................................
fiber 5 line 192 ........................................
fiber 5 line 191 ........................................
fiber 5 line 190 ........................................
fiber 5 line 189 ........................................
fiber 5 line 188 ........................................
fiber 5 line 187 ........................................
fiber 5 line 186 ........................................
fiber 5 line 185 ........................................
fiber 5 line 184 ........................................
fiber 5 line 183 ........................................
fiber 5 line 182 ........................................
fiber 5 line 181 ........................................
fiber 5 line 180 ........................................
fiber 5 line 179 ........................................
fiber 5 line 178 ........................................
fiber 5 line 177 ........................................
fiber 5 line 176 ........................................
fiber 5 line 175 ........................................
fiber 5 line 174 ........................................
fiber 5 line 173 ........................................
fiber 5 line 172 ........................................
fiber 5 line 171 ........................................
fiber 5 line 170 ........................................
fiber 5 line 169 ........................................
fiber 5 line 168 ........................................
fiber 5 line 167 ........................................
fiber 5 line 166 ........................................
fiber 5 line 165 ........................................
fiber 5 line 164 ........................................
fiber 5 line 163 ........................................
fiber 5 line 162 ........................................
fiber 5 line 161 ........................................
fiber 5 line 160 ........................................
fiber 5 line 159 ........................................
fiber 5 line 158 ........................................
fiber 5 line 157 ........................................
fiber 5 line 156 ........................................
fiber 5 line 155 ........................................
fiber 5 line 154 ........................................
fiber 5 line 153 ........................................
fiber 5 line 152 ........................................
fiber 5 line 151 ........................................
fiber 5 line 150 ........................................
fiber 5 line 149 ........................................
fiber 5 line 148 ........................................
fiber 5 line 147 ........................................
fiber 5 line 146 ........................................
fiber 5 line 145 ........................................
fiber 5 line 144 ........................................
fiber 5 line 143 ........................................
fiber 5 line 142 ........................................
fiber 5 line 141 ........................................
fiber 5 line 140 ........................................
fiber 5 line 139 ........................................
fiber 5 line 138 ........................................
fiber 5 line 137 ........................................
fiber 5 line 136 ........................................
fiber 5 line 135 ........................................
fiber 5 line 134 ........................................
fiber 5 line 133 ........................................
fiber 5 line 132 ........................................
fiber 5 line 131 ........................................
fiber 5 line 130 ........................................
fiber 5 line 129 ........................................
fiber 5 line 128 ........................................
fiber 5 line 127 ........................................
fiber 5 line 126 ........................................
fiber 5 line 125 ........................................
fiber 5 line 124 ........................................
fiber 5 line 123 ........................................
fiber 5 line 122 ........................................
fiber 5 line 121 ........................................
fiber 5 line 120 ........................................
fiber 5 line 119 ........................................
fiber 5 line 118 ........................................
fiber 5 line 117 ........................................
fiber 5 line 116 ........................................
fiber 5 line 115 ........................................
fiber 5 line 114 ........................................
fiber 5 line 113 ........................................
fiber 5 line 112 ........................................
fiber 5 line 111 ........................................
fiber 5 line 110 ........................................
fiber 5 line 109 ........................................
fiber 5 line 108 ........................................
fiber 5 line 107 ........................................
fiber 5 line 106 ........................................
fiber 5 line 105 ........................................
fiber 5 line 104 ........................................
fiber 5 line 103 ........................................
fiber 5 line 102 ........................................
fiber 5 line 101 ........................................
fiber 5 line 100 ........................................
fiber 5 line 99 ........................................
fiber 5 line 98 ........................................
fiber 5 line 97 ........................................
fiber 5 line 96 ........................................
fiber 5 line 95 ........................................
fiber 5 line 94 ........................................
fiber 5 line 93 ........................................
fiber 5 line 92 ........................................
fiber 5 line 91 ........................................
fiber 5 line 90 ........................................
fiber 5 line 89 ........................................
fiber 5 line 88 ........................................
fiber 5 line 87 ........................................
fiber 5 line 86 ........................................
fiber 5 line 85 ........................................
fiber 5 line 84 ........................................
fiber 5 line 83 ........................................
fiber 5 line 82 ........................................
fiber 5 line 81 ........................................
fiber 5 line 80 ........................................
fiber 5 line 79 ........................................
fiber 5 line 78 ........................................
fiber 5 line 77 ........................................
fiber 5 line 76 ........................................
fiber 5 line 75 ........................................
fiber 5 line 74 ........................................
fiber 5 line 73 ........................................
fiber 5 line 72 ........................................
fiber 5 line 71 ........................................
fiber 5 line 70 ........................................
fiber 5 line 69 ........................................
fiber 5 line 68 ........................................
fiber 5 line 67 ........................................
fiber 5 line 66 ........................................
fiber 5 line 65 ........................................
fiber 5 line 64 ........................................
fiber 5 line 63 ........................................
fiber 5 line 62 ........................................
fiber 5 line 61 ........................................
fiber 5 line 60 ........................................
fiber 5 line 59 ........................................
fiber 5 line 58 ........................................
fiber 5 line 57 ........................................
fiber 5 line 56 ........................................
fiber 5 line 55 ........................................
fiber 5 line 54 ........................................
fiber 5 line 53 ........................................
fiber 5 line 52 ........................................
fiber 5 line 51 ........................................
fiber 5 line 50 ........................................
fiber 5 line 49 ........................................
fiber 5 line 48 ........................................
fiber 5 line 47 ........................................
fiber 5 line 46 ........................................
fiber 5 line 45 ........................................
fiber 5 line 44 ........................................
fiber 5 line 43 ........................................
fiber 5 line 42 ........................................
fiber 5 line 41 ........................................
fiber 5 line 40 ........................................
fiber 5 line 39 ........................................
fiber 5 line 38 ........................................
fiber 5 line 37 ........................................
fiber 5 line 36 ........................................
fiber 5 line 35 ........................................
fiber 5 line 34 ........................................
fiber 5 line 33 ........................................
fiber 5 line 32 ........................................
fiber 5 line 31 ........................................
fiber 5 line 30 ........................................
fiber 5 line 29 ........................................
fiber 5 line 28 ........................................
fiber 5 line 27 ........................................
fiber 5 line 26 ........................................
fiber 5 line 25 ........................................
fiber 5 line 24 ........................................
fiber 5 line 23 ........................................
fiber 5 line 22 ........................................
fiber 5 line 21 ........................................
fiber 5 line 20 ........................................
fiber 5 line 19 ........................................
fiber 5 line 18 ........................................
fiber 5 line 17 ........................................
fiber 5 line 16 ........................................
fiber 5 line 15 ........................................
fiber 5 line 14 ........................................
fiber 5 line 13 ........................................
fiber 5 line 12 ........................................
fiber 5 line 11 ........................................
fiber 5 line 10 ........................................
fiber 5 line 9 ........................................
fiber 5 line 8 ........................................
fiber 5 line 7 ........................................
fiber 5 line 6 ........................................
fiber 5 line 5 ........................................
fiber 5 line 4 ........................................
fiber 5 line 3 ........................................
fiber 5 line 2 ........................................
fiber 5 line 1 ........................................
fiber 4 line 200 ........................................
fiber 4 line 199 ........................................
fiber 4 line 198 ........................................
fiber 4 line 197 ........................................
fiber 4 line 196 ........................................
fiber 4 line 195 ........................................
fiber 4 line 194 ........................................
fiber 4 line 193 ........................................
fiber 4 line 192 ........................................
fiber 4 line 191 ........................................
fiber 4 line 190 ........................................
fiber 4 line 189 ........................................
fiber 4 line 188 ........................................
fiber 4 line 187 ........................................
fiber 4 line 186 ........................................
fiber 4 line 185 ........................................
fiber 4 line 184 ........................................
fiber 4 line 183 ........................................
fiber 4 line 182 ........................................
fiber 4 line 181 ........................................
fiber 4 line 180 ........................................
fiber 4 line 179 ........................................
fiber 4 line 178 ........................................
fiber 4 line 177 ........................................
fiber 4 line 176 ........................................
fiber 4 line 175 ........................................
fiber 4 line 174 ........................................
fiber 4 line 173 ........................................
fiber 4 line 172 ........................................
fiber 4 line 171 ........................................
fiber 4 line 170 ........................................
fiber 4 line 169 ........................................
fiber 4 line 168 ........................................
fiber 4 line 167 ........................................
fiber 4 line 166 ........................................
fiber 4 line 165 ........................................
fiber 4 line 164 ........................................
fiber 4 line 163 ........................................
fiber 4 line 162 ........................................
fiber 4 line 161 ........................................
fiber 4 line 160 ........................................
fiber 4 line 159 ........................................
fiber 4 line 158 ........................................
fiber 4 line 157 ........................................
fiber 4 line 156 ........................................
fiber 4 line 155 ........................................
fiber 4 line 154 ........................................
fiber 4 line 153 ........................................
fiber 4 line 152 ........................................
fiber 4 line 151 ........................................
fiber 4 line 150 ........................................
fiber 4 line 149 ........................................
fiber 4 line 148 ........................................
fiber 4 line 147 ........................................
fiber 4 line 146 ........................................
fiber 4 line 145 ........................................
fiber 4 line 144 ........................................
fiber 4 line 143 ........................................
fiber 4 line 142 ........................................
fiber 4 line 141 ........................................
fiber 4 line 140 ........................................
fiber 4 line 139 ........................................
fiber 4 line 138 ........................................
fiber 4 line 137 ........................................
fiber 4 line 136 ........................................
fiber 4 line 135 ........................................
fiber 4 line 134 ........................................
fiber 4 line 133 ........................................
fiber 4 line 132 ........................................
fiber 4 line 131 ........................................
fiber 4 line 130 ........................................
fiber 4 line 129 ........................................
fiber 4 line 128 ........................................
fiber 4 line 127 ........................................
fiber 4 line 126 ........................................
fiber 4 line 125 ........................................
fiber 4 line 124 ........................................
fiber 4 line 123 ........................................
fiber 4 line 122 ........................................
fiber 4 line 121 ........................................
fiber 4 line 120 ........................................
fiber 4 line 119 ........................................
fiber 4 line 118 ........................................
fiber 4 line 117 ........................................
fiber 4 line 116 ........................................
fiber 4 line 115 ........................................
fiber 4 line 114 ........................................
fiber 4 line 113 ........................................
fiber 4 line 112 ........................................
fiber 4 line 111 ........................................
fiber 4 line 110 ........................................
fiber 4 line 109 ........................................
fiber 4 line 108 ........................................
fiber 4 line 107 ........................................
fiber 4 line 106 ........................................
fiber 4 line 105 ........................................
fiber 4 line 104 ........................................
fiber 4 line 103 ........................................
fiber 4 line 102 ........................................
fiber 4 line 101 ........................................
fiber 4 line 100 ........................................
fiber 4 line 99 ........................................
fiber 4 line 98 ........................................
fiber 4 line 97 ........................................
fiber 4 line 96 ........................................
fiber 4 line 95 ........................................
fiber 4 line 94 ........................................
fiber 4 line 93 ........................................
fiber 4 line 92 ........................................
fiber 4 line 91 ........................................
fiber 4 line 90 ........................................
fiber 4 line 89 ........................................
fiber 4 line 88 ........................................
fiber 4 line 87 ........................................
fiber 4 line 86 ........................................
fiber 4 line 85 ........................................
fiber 4 line 84 ........................................
fiber 4 line 83 ........................................
fiber 4 line 82 ........................................
fiber 4 line 81 ........................................
fiber 4 line 80 ........................................
fiber 4 line 79 ........................................
fiber 4 line 78 ........................................
fiber 4 line 77 ........................................
fiber 4 line 76 ........................................
fiber 4 line 75 ........................................
fiber 4 line 74 ........................................
fiber 4 line 73 ........................................
fiber 4 line 72 ........................................
fiber 4 line 71 ........................................
fiber 4 line 70 ........................................
fiber 4 line 69 ........................................
fiber 4 line 68 ........................................
fiber 4 line 67 ........................................
fiber 4 line 66 ........................................
fiber 4 line 65 ........................................
fiber 4 line 64 ........................................
fiber 4 line 63 ........................................
fiber 4 line 62 ........................................
fiber 4 line 61 ........................................
fiber 4 line 60 ........................................
fiber 4 line 59 ........................................
fiber 4 line 58 ........................................
fiber 4 line 57 ........................................
fiber 4 line 56 ........................................
fiber 4 line 55 ........................................
fiber 4 line 54 ........................................
fiber 4 line 53 ........................................
fiber 4 line 52 ........................................
fiber 4 line 51 ........................................
fiber 4 line 50 ........................................
fiber 4 line 49 ........................................
fiber 4 line 48 ........................................
fiber 4 line 47 ........................................
fiber 4 line 46 ........................................
fiber 4 line 45 ........................................
fiber 4 line 44 ........................................
fiber 4 line 43 ........................................
fiber 4 line 42 ........................................
fiber 4 line 41 ........................................
fiber 4 line 40 ........................................
fiber 4 line 39 ........................................
fiber 4 line 38 ........................................
fiber 4 line 37 ........................................
fiber 4 line 36 ........................................
fiber 4 line 35 ........................................
fiber 4 line 34 ........................................
fiber 4 line 33 ........................................
fiber 4 line 32 ........................................
fiber 4 line 31 ........................................
fiber 4 line 30 ........................................
fiber 4 line 29 ........................................
fiber 4 line 28 ........................................
fiber 4 line 27 ........................................
fiber 4 line 26 ........................................
fiber 4 line 25 ........................................
fiber 4 line 24 ........................................
fiber 4 line 23 ........................................
fiber 4 line 22 ........................................
fiber 4 line 21 ........................................
fiber 4 line 20 ........................................
fiber 4 line 19 ........................................
fiber 4 line 18 ........................................
fiber 4 line 17 ........................................
fiber 4 line 16 ........................................
fiber 4 line 15 ........................................
fiber 4 line 14 ........................................
fiber 4 line 13 ........................................
fiber 4 line 12 ........................................
fiber 4 line 11 ........................................
fiber 4 line 10 ........................................
fiber 4 line 9 ........................................
fiber 4 line 8 ........................................
fiber 4 line 7 ........................................
fiber 4 line 6 ........................................
fiber 4 line 5 ........................................
fiber 4 line 4 ........................................
fiber 4 line 3 ........................................
fiber 4 line 2 ........................................
fiber 4 line 1 ........................................
fiber 3 line 200 ........................................
fiber 3 line 199 ........................................
fiber 3 line 198 ........................................
fiber 3 line 197 ........................................
fiber 3 line 196 ........................................
fiber 3 line 195 ........................................
fiber 3 line 194 ........................................
fiber 3 line 193 ........................................
fiber 3 line 192 ........................................
fiber 3 line 191 ........................................
fiber 3 line 190 ........................................
fiber 3 line 189 ........................................
fiber 3 line 188 ........................................
fiber 3 line 187 ........................................
fiber 3 line 186 ........................................
fiber 3 line 185 ........................................
fiber 3 line 184 ........................................
fiber 3 line 183 ........................................
fiber 3 line 182 ........................................
fiber 3 line 181 ........................................
fiber 3 line 180 ........................................
fiber 3 line 179 ........................................
fiber 3 line 178 ........................................
fiber 3 line 177 ........................................
fiber 3 line 176 ........................................
fiber 3 line 175 ........................................
fiber 3 line 174 ........................................
fiber 3 line 173 ........................................
fiber 3 line 172 ........................................
fiber 3 line 171 ........................................
fiber 3 line 170 ........................................
fiber 3 line 169 ........................................
fiber 3 line 168 ........................................
fiber 3 line 167 ........................................
fiber 3 line 166 ........................................
fiber 3 line 165 ........................................
fiber 3 line 164 ........................................
fiber 3 line 163 ........................................
fiber 3 line 162 ........................................
fiber 3 line 161 ........................................
fiber 3 line 160 ........................................
fiber 3 line 159 ........................................
fiber 3 line 158 ........................................
fiber 3 line 157 ........................................
fiber 3 line 156 ........................................
fiber 3 line 155 ........................................
fiber 3 line 154 ........................................
fiber 3 line 153 ........................................
fiber 3 line 152 ........................................
fiber 3 line 151 ........................................
fiber 3 line 150 ........................................
fiber 3 line 149 ........................................
fiber 3 line 148 ........................................
fiber 3 line 147 ........................................
fiber 3 line 146 ........................................
fiber 3 line 145 ........................................
fiber 3 line 144 ........................................
fiber 3 line 143 ........................................
fiber 3 line 142 ........................................
fiber 3 line 141 ........................................
fiber 3 line 140 ........................................
fiber 3 line 139 ........................................
fiber 3 line 138 ........................................
fiber 3 line 137 ........................................
fiber 3 line 136 ........................................
fiber 3 line 135 ........................................
fiber 3 line 134 ........................................
fiber 3 line 133 ........................................
fiber 3 line 132 ........................................
fiber 3 line 131 ........................................
fiber 3 line 130 ........................................
fiber 3 line 129 ........................................
fiber 3 line 128 ........................................
fiber 3 line 127 ........................................
fiber 3 line 126 ........................................
fiber 3 line 125 ........................................
fiber 3 line 124 ........................................
fiber 3 line 123 ........................................
fiber 3 line 122 ........................................
fiber 3 line 121 ........................................
fiber 3 line 120 ........................................
fiber 3 line 119 ........................................
fiber 3 line 118 ........................................
fiber 3 line 117 ........................................
fiber 3 line 116 ........................................
fiber 3 line 115 ........................................
fiber 3 line 114 ........................................
fiber 3 line 113 ........................................
fiber 3 line 112 ........................................
fiber 3 line 111 ........................................
fiber 3 line 110 ........................................
fiber 3 line 109 ........................................
fiber 3 line 108 ........................................
fiber 3 line 107 ........................................
fiber 3 line 106 ........................................
fiber 3 line 105 ........................................
fiber 3 line 104 ........................................
fiber 3 line 103 ........................................
fiber 3 line 102 ........................................
fiber 3 line 101 ........................................
fiber 3 line 100 ........................................
fiber 3 line 99 ........................................
fiber 3 line 98 ........................................
fiber 3 line 97 ........................................
fiber 3 line 96 ........................................
fiber 3 line 95 ........................................
fiber 3 line 94 ........................................
fiber 3 line 93 ........................................
fiber 3 line 92 ........................................
fiber 3 line 91 ........................................
fiber 3 line 90 ........................................
fiber 3 line 89 ........................................
fiber 3 line 88 ........................................
fiber 3 line 87 ........................................
fiber 3 line 86 ........................................
fiber 3 line 85 ........................................
fiber 3 line 84 ........................................
fiber 3 line 83 ........................................
fiber 3 line 82 ........................................
fiber 3 line 81 ........................................
fiber 3 line 80 ........................................
fiber 3 line 79 ........................................
fiber 3 line 78 ........................................
fiber 3 line 77 ........................................
fiber 3 line 76 ........................................
fiber 3 line 75 ........................................
fiber 3 line 74 ........................................
fiber 3 line 73 ........................................
fiber 3 line 72 ........................................
fiber 3 line 71 ........................................
fiber 3 line 70 ........................................
fiber 3 line 69 ........................................
fiber 3 line 68 ........................................
fiber 3 line 67 ........................................
fiber 3 line 66 ........................................
fiber 3 line 65 ........................................
fiber 3 line 64 ........................................
fiber 3 line 63 ........................................
fiber 3 line 62 ........................................
fiber 3 line 61 ........................................
fiber 3 line 60 ........................................
fiber 3 line 59 ........................................
fiber 3 line 58 ........................................
fiber 3 line 57 ........................................
fiber 3 line 56 ........................................
fiber 3 line 55 ........................................
fiber 3 line 54 ........................................
fiber 3 line 53 ........................................
fiber 3 line 52 ........................................
fiber 3 line 51 ........................................
fiber 3 line 50 ........................................
fiber 3 line 49 ........................................
fiber 3 line 48 ........................................
fiber 3 line 47 ........................................
fiber 3 line 46 ........................................
fiber 3 line 45 ........................................
fiber 3 line 44 ........................................
fiber 3 line 43 ........................................
fiber 3 line 42 ........................................
fiber 3 line 41 ........................................
fiber 3 line 40 ........................................
fiber 3 line 39 ........................................
fiber 3 line 38 ........................................
fiber 3 line 37 ........................................
fiber 3 line 36 ........................................
fiber 3 line 35 ........................................
fiber 3 line 34 ........................................
fiber 3 line 33 ........................................
fiber 3 line 32 ........................................
fiber 3 line 31 ........................................
fiber 3 line 30 ........................................
fiber 3 line 29 ........................................
fiber 3 line 28 ........................................
fiber 3 line 27 ........................................
fiber 3 line 26 ........................................
fiber 3 line 25 ........................................
fiber 3 line 24 ........................................
fiber 3 line 23 ........................................
fiber 3 line 22 ........................................
fiber 3 line 21 ........................................
fiber 3 line 20 ........................................
fiber 3 line 19 ........................................
fiber 3 line 18 ........................................
fiber 3 line 17 ........................................
fiber 3 line 16 ........................................
fiber 3 line 15 ........................................
fiber 3 line 14 ........................................
fiber 3 line 13 ........................................
fiber 3 line 12 ........................................
fiber 3 line 11 ........................................
fiber 3 line 10 ........................................
fiber 3 line 9 ........................................
fiber 3 line 8 ........................................
fiber 3 line 7 ........................................
fiber 3 line 6 ........................................
fiber 3 line 5 ........................................
fiber 3 line 4 ........................................
fiber 3 line 3 ........................................
fiber 3 line 2 ........................................
fiber 3 line 1 ........................................
fiber 2 line 200 ........................................
fiber 2 line 199 ........................................
fiber 2 line 198 ........................................
fiber 2 line 197 ........................................
fiber 2 line 196 ........................................
fiber 2 line 195 ........................................
fiber 2 line 194 ........................................
fiber 2 line 193 ........................................
fiber 2 line 192 ........................................
fiber 2 line 191 ........................................
fiber 2 line 190 ........................................
fiber 2 line 189 ........................................
fiber 2 line 188 ........................................
fiber 2 line 187 ........................................
fiber 2 line 186 ........................................
fiber 2 line 185 ........................................
fiber 2 line 184 ........................................
fiber 2 line 183 ........................................
fiber 2 line 182 ........................................
fiber 2 line 181 ........................................
fiber 2 line 180 ........................................
fiber 2 line 179 ........................................
fiber 2 line 178 ........................................
fiber 2 line 177 ........................................
fiber 2 line 176 ........................................
fiber 2 line 175 ........................................
fiber 2 line 174 ........................................
fiber 2 line 173 ........................................
fiber 2 line 172 ........................................
fiber 2 line 171 ........................................
fiber 2 line 170 ........................................
fiber 2 line 169 ........................................
fiber 2 line 168 ........................................
fiber 2 line 167 ........................................
fiber 2 line 166 ........................................
fiber 2 line 165 ........................................
fiber 2 line 164 ........................................
fiber 2 line 163 ........................................
fiber 2 line 162 ........................................
fiber 2 line 161 ........................................
fiber 2 line 160 ........................................
fiber 2 line 159 ........................................
fiber 2 line 158 ........................................
fiber 2 line 157 ........................................
fiber 2 line 156 ........................................
fiber 2 line 155 ........................................
fiber 2 line 154 ........................................
fiber 2 line 153 ........................................
fiber 2 line 152 ........................................
fiber 2 line 151 ........................................
fiber 2 line 150 ........................................
fiber 2 line 149 ........................................
fiber 2 line 148 ........................................
fiber 2 line 147 ........................................
fiber 2 line 146 ........................................
fiber 2 line 145 ........................................
fiber 2 line 144 ........................................
fiber 2 line 143 ........................................
fiber 2 line 142 ........................................
fiber 2 line 141 ........................................
fiber 2 line 140 ........................................
fiber 2 line 139 ........................................
fiber 2 line 138 ........................................
fiber 2 line 137 ........................................
fiber 2 line 136 ........................................
fiber 2 line 135 ........................................
fiber 2 line 134 ........................................
fiber 2 line 133 ........................................
fiber 2 line 132 ........................................
fiber 2 line 131 ........................................
fiber 2 line 130 ........................................
fiber 2 line 129 ........................................
fiber 2 line 128 ........................................
fiber 2 line 127 ........................................
fiber 2 line 126 ........................................
fiber 2 line 125 ........................................
fiber 2 line 124 ........................................
fiber 2 line 123 ........................................
fiber 2 line 122 ........................................
fiber 2 line 121 ........................................
fiber 2 line 120 ........................................
fiber 2 line 119 ........................................
fiber 2 line 118 ........................................
fiber 2 line 117 ........................................
fiber 2 line 116 ........................................
fiber 2 line 115 ........................................
fiber 2 line 114 ........................................
fiber 2 line 113 ........................................
fiber 2 line 112 ........................................
fiber 2 line 111 ........................................
fiber 2 line 110 ........................................
fiber 2 line 109 ........................................
fiber 2 line 108 ........................................
fiber 2 line 107 ........................................
fiber 2 line 106 ........................................
fiber 2 line 105 ........................................
fiber 2 line 104 ........................................
fiber 2 line 103 ........................................
fiber 2 line 102 ........................................
fiber 2 line 101 ........................................
fiber 2 line 100 ........................................
fiber 2 line 99 ........................................
fiber 2 line 98 ........................................
fiber 2 line 97 ........................................
fiber 2 line 96 ........................................
fiber 2 line 95 ........................................
fiber 2 line 94 ........................................
fiber 2 line 93 ........................................
fiber 2 line 92 ........................................
fiber 2 line 91 ........................................
fiber 2 line 90 ........................................
fiber 2 line 89 ........................................
fiber 2 line 88 ........................................
fiber 2 line 87 ........................................
fiber 2 line 86 ........................................
fiber 2 line 85 ........................................
fiber 2 line 84 ........................................
fiber 2 line 83 ........................................
fiber 2 line 82 ........................................
fiber 2 line 81 ........................................
fiber 2 line 80 ........................................
fiber 2 line 79 ........................................
fiber 2 line 78 ........................................
fiber 2 line 77 ........................................
fiber 2 line 76 ........................................
fiber 2 line 75 ........................................
fiber 2 line 74 ........................................
fiber 2 line 73 ........................................
fiber 2 line 72 ........................................
fiber 2 line 71 ........................................
fiber 2 line 70 ........................................
fiber 2 line 69 ........................................
fiber 2 line 68 ........................................
fiber 2 line 67 ........................................
fiber 2 line 66 ........................................
fiber 2 line 65 ........................................
fiber 2 line 64 ........................................
fiber 2 line 63 ........................................
fiber 2 line 62 ........................................
fiber 2 line 61 ........................................
fiber 2 line 60 ........................................
fiber 2 line 59 ........................................
fiber 2 line 58 ........................................
fiber 2 line 57 ........................................
fiber 2 line 56 ........................................
fiber 2 line 55 ........................................
fiber 2 line 54 ........................................
fiber 2 line 53 ........................................
fiber 2 line 52 ........................................
fiber 2 line 51 ........................................
fiber 2 line 50 ........................................
fiber 2 line 49 ........................................
fiber 2 line 48 ........................................
fiber 2 line 47 ........................................
fiber 2 line 46 ........................................
fiber 2 line 45 ........................................
fiber 2 line 44 ........................................
fiber 2 line 43 ........................................
fiber 2 line 42 ........................................
fiber 2 line 41 ........................................
fiber 2 line 40 ........................................
fiber 2 line 39 ........................................
fiber 2 line 38 ........................................
fiber 2 line 37 ........................................
fiber 2 line 36 ........................................
fiber 2 line 35 ........................................
fiber 2 line 34 ........................................
fiber 2 line 33 ........................................
fiber 2 line 32 ........................................
fiber 2 line 31 ........................................
fiber 2 line 30 ........................................
fiber 2 line 29 ........................................
fiber 2 line 28 ........................................
fiber 2 line 27 ........................................
fiber 2 line 26 ........................................
fiber 2 line 25 ........................................
fiber 2 line 24 ........................................
fiber 2 line 23 ........................................
fiber 2 line 22 ........................................
fiber 2 line 21 ........................................
fiber 2 line 20 ........................................
fiber 2 line 19 ........................................
fiber 2 line 18 ........................................
fiber 2 line 17 ........................................
fiber 2 line 16 ........................................
fiber 2 line 15 ........................................
fiber 2 line 14 ........................................
fiber 2 line 13 ........................................
fiber 2 line 12 ........................................
fiber 2 line 11 ........................................
fiber 2 line 10 ........................................
fiber 2 line 9 ........................................
fiber 2 line 8 ........................................
fiber 2 line 7 ........................................
fiber 2 line 6 ........................................
fiber 2 line 5 ........................................
fiber 2 line 4 ........................................
fiber 2 line 3 ........................................
fiber 2 line 2 ........................................
fiber 2 line 1 ........................................
fiber 1 line 200 ........................................
fiber 1 line 199 ........................................
fiber 1 line 198 ........................................
fiber 1 line 197 ........................................
fiber 1 line 196 ........................................
fiber 1 line 195 ........................................
fiber 1 line 194 ........................................
fiber 1 line 193 ........................................
fiber 1 line 192 ........................................
fiber 1 line 191 ........................................
fiber 1 line 190 ........................................
fiber 1 line 189 ........................................
fiber 1 line 188 ........................................
fiber 1 line 187 ........................................
fiber 1 line 186 ........................................
fiber 1 line 185 ........................................
fiber 1 line 184 ........................................
fiber 1 line 183 ........................................
fiber 1 line 182 ........................................
fiber 1 line 181 ........................................
fiber 1 line 180 ........................................
fiber 1 line 179 ........................................
fiber 1 line 178 ........................................
fiber 1 line 177 ........................................
fiber 1 line 176 ........................................
fiber 1 line 175 ........................................
fiber 1 line 174 ........................................
fiber 1 line 173 ........................................
fiber 1 line 172 ........................................
fiber 1 line 171 ........................................
fiber 1 line 170 ........................................
fiber 1 line 169 ........................................
fiber 1 line 168 ........................................
fiber 1 line 167 ........................................
fiber 1 line 166 ........................................
fiber 1 line 165 ........................................
fiber 1 line 164 ........................................
fiber 1 line 163 ........................................
fiber 1 line 162 ........................................
fiber 1 line 161 ........................................
fiber 1 line 160 ........................................
fiber 1 line 159 ........................................
fiber 1 line 158 ........................................
fiber 1 line 157 ........................................
fiber 1 line 156 ........................................
fiber 1 line 155 ........................................
fiber 1 line 154 ........................................
fiber 1 line 153 ........................................
fiber 1 line 152 ........................................
fiber 1 line 151 ........................................
fiber 1 line 150 ........................................
fiber 1 line 149 ........................................
fiber 1 line 148 ........................................
fiber 1 line 147 ........................................
fiber 1 line 146 ........................................
fiber 1 line 145 ........................................
fiber 1 line 144 ........................................
fiber 1 line 143 ........................................
fiber 1 line 142 ........................................
fiber 1 line 141 ........................................
fiber 1 line 140 ........................................
fiber 1 line 139 ........................................
fiber 1 line 138 ........................................
fiber 1 line 137 ........................................
fiber 1 line 136 ........................................
fiber 1 line 135 ........................................
fiber 1 line 134 ........................................
fiber 1 line 133 ........................................
fiber 1 line 132 ........................................
fiber 1 line 131 ........................................
fiber 1 line 130 ........................................
fiber 1 line 129 ........................................
fiber 1 line 128 ........................................
fiber 1 line 127 ........................................
fiber 1 line 126 ........................................
fiber 1 line 125 ........................................
fiber 1 line 124 ........................................
fiber 1 line 123 ........................................
fiber 1 line 122 ........................................
fiber 1 line 121 ........................................
fiber 1 line 120 ........................................
fiber 1 line 119 ........................................
fiber 1 line 118 ........................................
fiber 1 line 117 ........................................
fiber 1 line 116 ........................................
fiber 1 line 115 ........................................
fiber 1 line 114 ........................................
fiber 1 line 113 ........................................
fiber 1 line 112 ........................................
fiber 1 line 111 ........................................
fiber 1 line 110 ........................................
fiber 1 line 109 ........................................
fiber 1 line 108 ........................................
fiber 1 line 107 ........................................
fiber 1 line 106 ........................................
fiber 1 line 105 ........................................
fiber 1 line 104 ........................................
fiber 1 line 103 ........................................
fiber 1 line 102 ........................................
fiber 1 line 101 ........................................
fiber 1 line 100 ........................................
fiber 1 line 99 ........................................
fiber 1 line 98 ........................................
fiber 1 line 97 ........................................
fiber 1 line 96 ........................................
fiber 1 line 95 ........................................
fiber 1 line 94 ........................................
fiber 1 line 93 ........................................
fiber 1 line 92 ........................................
fiber 1 line 91 ........................................
fiber 1 line 90 ........................................
fiber 1 line 89 ........................................
fiber 1 line 88 ........................................
fiber 1 line 87 ........................................
fiber 1 line 86 ........................................
fiber 1 line 85 ........................................
fiber 1 line 84 ........................................
fiber 1 line 83 ........................................
fiber 1 line 82 ........................................
fiber 1 line 81 ........................................
fiber 1 line 80 ........................................
fiber 1 line 79 ........................................
fiber 1 line 78 ........................................
fiber 1 line 77 ........................................
fiber 1 line 76 ........................................
fiber 1 line 75 ........................................
fiber 1 line 74 ........................................
fiber 1 line 73 ........................................
fiber 1 line 72 ........................................
fiber 1 line 71 ........................................
fiber 1 line 70 ........................................
fiber 1 line 69 ........................................
fiber 1 line 68 ........................................
fiber 1 line 67 ........................................
fiber 1 line 66 ........................................
fiber 1 line 65 ........................................
fiber 1 line 64 ........................................
fiber 1 line 63 ........................................
fiber 1 line 62 ........................................
fiber 1 line 61 ........................................
fiber 1 line 60 ........................................
fiber 1 line 59 ........................................
fiber 1 line 58 ........................................
fiber 1 line 57 ........................................
fiber 1 line 56 ........................................
fiber 1 line 55 ........................................
fiber 1 line 54 ........................................
fiber 1 line 53 ........................................
fiber 1 line 52 ........................................
fiber 1 line 51 ........................................
fiber 1 line 50 ........................................
fiber 1 line 49 ........................................
fiber 1 line 48 ........................................
fiber 1 line 47 ........................................
fiber 1 line 46 ........................................
fiber 1 line 45 ........................................
fiber 1 line 44 ........................................
fiber 1 line 43 ........................................
fiber 1 line 42 ........................................
fiber 1 line 41 ........................................
fiber 1 line 40 ........................................
fiber 1 line 39 ........................................
fiber 1 line 38 ........................................
fiber 1 line 37 ........................................
fiber 1 line 36 ........................................
fiber 1 line 35 ........................................
fiber 1 line 34 ........................................
fiber 1 line 33 ........................................
fiber 1 line 32 ........................................
fiber 1 line 31 ........................................
fiber 1 line 30 ........................................
fiber 1 line 29 ........................................
fiber 1 line 28 ........................................
fiber 1 line 27 ........................................
fiber 1 line 26 ........................................
fiber 1 line 25 ........................................
fiber 1 line 24 ........................................
fiber 1 line 23 ........................................
fiber 1 line 22 ........................................
fiber 1 line 21 ........................................
fiber 1 line 20 ........................................
fiber 1 line 19 ........................................
fiber 1 line 18 ........................................
fiber 1 line 17 ........................................
fiber 1 line 16 ........................................
fiber 1 line 15 ........................................
fiber 1 line 14 ........................................
fiber 1 line 13 ........................................
fiber 1 line 12 ........................................
fiber 1 line 11 ........................................
fiber 1 line 10 ........................................
fiber 1 line 9 ........................................
fiber 1 line 8 ........................................
fiber 1 line 7 ........................................
fiber 1 line 6 ........................................
fiber 1 line 5 ........................................
fiber 1 line 4 ........................................
fiber 1 line 3 ........................................
fiber 1 line 2 ........................................
fiber 1 line 1 ........................................
