listen ok, on disk: srw-------
live path refused: Address already in use
liveness probe drained
3 fibers accepted, replies: 11 21 31
peer_uid matches id -u
close_listener spared a newer socket
stale socket replaced
close_listener removed its socket
regular file refused: File exists
regular file left alone
