record top:         true
record in ctor:     true
record in ctor !=:  true
record in record:   true
record in tuple:    true
record in list:     true
record in option:   true
nested twice:       true
ctor in ctor:       true
list of records:    true
variant in record:  true
generic record:     true
spread update:      true
other field differs:false
field impl differs: false
reused as plain:    false
reused rebuild:     true
