0	negate	10	44	invert a condition
1	literal	10	62	perturb a literal
2	negate	12	43	invert a condition
3	literal	12	48	perturb a literal
4	literal	12	63	perturb a literal
5	negate	14	43	invert a condition
6	connect	14	49	swap a boolean connective
7	compare	14	45	shift a comparison boundary
8	literal	14	47	perturb a literal
9	compare	14	55	shift a comparison boundary
10	literal	14	57	perturb a literal
11	literal	14	73	perturb a literal
12	negate	16	42	invert a condition
13	call	16	42	elide a call
14	literal	16	66	perturb a literal
15	literal	18	34	perturb a literal
16	call	21	3	elide a call
17	call	22	3	elide a call
18	call	23	3	elide a call
19	call	24	3	elide a call
