0	arm	10	3	drop a match arm
1	arm	11	3	drop a match arm
2	connect	15	40	swap a boolean connective
3	compare	15	35	shift a comparison boundary
4	literal	15	38	perturb a literal
5	compare	15	46	shift a comparison boundary
6	literal	15	49	perturb a literal
7	negate	17	44	invert a condition
8	literal	17	62	perturb a literal
9	call	19	30	elide a call
10	literal	21	31	perturb a literal
11	call	24	3	elide a call
12	call	24	16	elide a call
13	literal	24	25	perturb a literal
14	call	25	3	elide a call
15	call	26	3	elide a call
16	call	27	3	elide a call
