[{"id": 0, "file": "../examples/mutate/site_data.kai", "line": 10, "col": 5, "operator": "arm", "start": {"line": 10, "col": 5, "byte": 312}, "end": {"line": 11, "col": 5, "byte": 329}, "original": "Red -> \"red\"\n    ", "replacement": "", "enclosing": "site_data.(Show for Color).show/1", "ordinal": 1, "description": "drop a match arm"},
 {"id": 1, "file": "../examples/mutate/site_data.kai", "line": 11, "col": 5, "operator": "arm", "start": {"line": 11, "col": 5, "byte": 329}, "end": {"line": 12, "col": 5, "byte": 350}, "original": "Green -> \"green\"\n    ", "replacement": "", "enclosing": "site_data.(Show for Color).show/1", "ordinal": 1, "description": "drop a match arm"},
 {"id": 2, "file": "../examples/mutate/site_data.kai", "line": 16, "col": 20, "operator": "literal", "start": {"line": 16, "col": 20, "byte": 388}, "end": {"line": 16, "col": 22, "byte": 390}, "original": "10", "replacement": "0", "enclosing": "site_data.LIMIT", "ordinal": 1, "description": "perturb a literal"},
 {"id": 3, "file": "../examples/mutate/site_data.kai", "line": 18, "col": 39, "operator": "connect", "start": {"line": 18, "col": 39, "byte": 430}, "end": {"line": 18, "col": 42, "byte": 433}, "original": "and", "replacement": "or", "enclosing": "site_data.within/1", "ordinal": 1, "description": "swap a boolean connective"},
 {"id": 4, "file": "../examples/mutate/site_data.kai", "line": 18, "col": 34, "operator": "compare", "start": {"line": 18, "col": 34, "byte": 425}, "end": {"line": 18, "col": 36, "byte": 427}, "original": ">=", "replacement": ">", "enclosing": "site_data.within/1", "ordinal": 1, "description": "shift a comparison boundary"},
 {"id": 5, "file": "../examples/mutate/site_data.kai", "line": 18, "col": 37, "operator": "literal", "start": {"line": 18, "col": 37, "byte": 428}, "end": {"line": 18, "col": 38, "byte": 429}, "original": "0", "replacement": "1", "enclosing": "site_data.within/1", "ordinal": 1, "description": "perturb a literal"},
 {"id": 6, "file": "../examples/mutate/site_data.kai", "line": 18, "col": 45, "operator": "compare", "start": {"line": 18, "col": 45, "byte": 436}, "end": {"line": 18, "col": 47, "byte": 438}, "original": "<=", "replacement": "<", "enclosing": "site_data.within/1", "ordinal": 1, "description": "shift a comparison boundary"},
 {"id": 7, "file": "../examples/mutate/site_data.kai", "line": 20, "col": 42, "operator": "negate", "start": {"line": 20, "col": 42, "byte": 487}, "end": {"line": 20, "col": 58, "byte": 503}, "original": "up and n < LIMIT", "replacement": "not (up and n < LIMIT)", "enclosing": "site_data.step/2", "ordinal": 1, "description": "invert a condition"},
 {"id": 8, "file": "../examples/mutate/site_data.kai", "line": 20, "col": 45, "operator": "connect", "start": {"line": 20, "col": 45, "byte": 490}, "end": {"line": 20, "col": 48, "byte": 493}, "original": "and", "replacement": "or", "enclosing": "site_data.step/2", "ordinal": 1, "description": "swap a boolean connective"},
 {"id": 9, "file": "../examples/mutate/site_data.kai", "line": 20, "col": 51, "operator": "compare", "start": {"line": 20, "col": 51, "byte": 496}, "end": {"line": 20, "col": 52, "byte": 497}, "original": "<", "replacement": "<=", "enclosing": "site_data.step/2", "ordinal": 1, "description": "shift a comparison boundary"},
 {"id": 10, "file": "../examples/mutate/site_data.kai", "line": 20, "col": 65, "operator": "literal", "start": {"line": 20, "col": 65, "byte": 510}, "end": {"line": 20, "col": 66, "byte": 511}, "original": "1", "replacement": "0", "enclosing": "site_data.step/2", "ordinal": 1, "description": "perturb a literal"},
 {"id": 11, "file": "../examples/mutate/site_data.kai", "line": 20, "col": 76, "operator": "literal", "start": {"line": 20, "col": 76, "byte": 521}, "end": {"line": 20, "col": 77, "byte": 522}, "original": "0", "replacement": "1", "enclosing": "site_data.step/2", "ordinal": 1, "description": "perturb a literal"},
 {"id": 12, "file": "../examples/mutate/site_data.kai", "line": 22, "col": 30, "operator": "call", "start": {"line": 22, "col": 30, "byte": 555}, "end": {"line": 22, "col": 47, "byte": 572}, "original": "double(double(n))", "replacement": "double(n)", "enclosing": "site_data.twice/1", "ordinal": 1, "description": "elide a call"},
 {"id": 13, "file": "../examples/mutate/site_data.kai", "line": 22, "col": 37, "operator": "call", "start": {"line": 22, "col": 37, "byte": 562}, "end": {"line": 22, "col": 46, "byte": 571}, "original": "double(n)", "replacement": "n", "enclosing": "site_data.twice/1", "ordinal": 1, "description": "elide a call"},
 {"id": 14, "file": "../examples/mutate/site_data.kai", "line": 24, "col": 31, "operator": "literal", "start": {"line": 24, "col": 31, "byte": 604}, "end": {"line": 24, "col": 32, "byte": 605}, "original": "2", "replacement": "0", "enclosing": "site_data.double/1", "ordinal": 1, "description": "perturb a literal"},
 {"id": 15, "file": "../examples/mutate/site_data.kai", "line": 26, "col": 33, "operator": "negate", "start": {"line": 26, "col": 33, "byte": 639}, "end": {"line": 26, "col": 38, "byte": 644}, "original": "n < 0", "replacement": "not (n < 0)", "enclosing": "site_data.clamp/1", "ordinal": 1, "description": "invert a condition"},
 {"id": 16, "file": "../examples/mutate/site_data.kai", "line": 26, "col": 35, "operator": "compare", "start": {"line": 26, "col": 35, "byte": 641}, "end": {"line": 26, "col": 36, "byte": 642}, "original": "<", "replacement": "<=", "enclosing": "site_data.clamp/1", "ordinal": 1, "description": "shift a comparison boundary"},
 {"id": 17, "file": "../examples/mutate/site_data.kai", "line": 26, "col": 37, "operator": "literal", "start": {"line": 26, "col": 37, "byte": 643}, "end": {"line": 26, "col": 38, "byte": 644}, "original": "0", "replacement": "1", "enclosing": "site_data.clamp/1", "ordinal": 1, "description": "perturb a literal"},
 {"id": 18, "file": "../examples/mutate/site_data.kai", "line": 26, "col": 41, "operator": "literal", "start": {"line": 26, "col": 41, "byte": 647}, "end": {"line": 26, "col": 42, "byte": 648}, "original": "0", "replacement": "1", "enclosing": "site_data.clamp/1", "ordinal": 2, "description": "perturb a literal"},
 {"id": 19, "file": "../examples/mutate/site_data.kai", "line": 29, "col": 3, "operator": "call", "start": {"line": 29, "col": 3, "byte": 693}, "end": {"line": 29, "col": 28, "byte": 718}, "original": "Stdout.print(show(Green))", "replacement": "show(Green)", "enclosing": "site_data.main/0", "ordinal": 1, "description": "elide a call"},
 {"id": 20, "file": "../examples/mutate/site_data.kai", "line": 29, "col": 16, "operator": "call", "start": {"line": 29, "col": 16, "byte": 706}, "end": {"line": 29, "col": 27, "byte": 717}, "original": "show(Green)", "replacement": "Green", "enclosing": "site_data.main/0", "ordinal": 1, "description": "elide a call"},
 {"id": 21, "file": "../examples/mutate/site_data.kai", "line": 30, "col": 3, "operator": "call", "start": {"line": 30, "col": 3, "byte": 721}, "end": {"line": 30, "col": 31, "byte": 749}, "original": "Stdout.print(\"#{within(5)}\")", "replacement": "\"#{within(5)}\"", "enclosing": "site_data.main/0", "ordinal": 1, "description": "elide a call"},
 {"id": 22, "file": "../examples/mutate/site_data.kai", "line": 31, "col": 3, "operator": "call", "start": {"line": 31, "col": 3, "byte": 752}, "end": {"line": 31, "col": 35, "byte": 784}, "original": "Stdout.print(\"#{step(3, true)}\")", "replacement": "\"#{step(3, true)}\"", "enclosing": "site_data.main/0", "ordinal": 1, "description": "elide a call"},
 {"id": 23, "file": "../examples/mutate/site_data.kai", "line": 32, "col": 3, "operator": "call", "start": {"line": 32, "col": 3, "byte": 787}, "end": {"line": 32, "col": 30, "byte": 814}, "original": "Stdout.print(\"#{twice(4)}\")", "replacement": "\"#{twice(4)}\"", "enclosing": "site_data.main/0", "ordinal": 1, "description": "elide a call"},
 {"id": 24, "file": "../examples/mutate/site_data.kai", "line": 33, "col": 3, "operator": "call", "start": {"line": 33, "col": 3, "byte": 817}, "end": {"line": 33, "col": 34, "byte": 848}, "original": "Stdout.print(\"#{clamp(0 - 4)}\")", "replacement": "\"#{clamp(0 - 4)}\"", "enclosing": "site_data.main/0", "ordinal": 1, "description": "elide a call"}]
