depth: 200001
reds: 100001
keys: 20000100000
reals: 1.00001e+10
reds after shared recolor: 1000
reals after shared recolor: 1.001e+06
reds original intact: 1000
unique recolor reds: 2
unique recolor reals: 8.75
classify red first: 1
classify red key7: 2
classify black: 5
classify black r1: 4
classify end: 0
