encode empty: ok
encode 'f': ok
encode 'fo': ok
encode 'foo': ok
encode 'foob': ok
encode 'fooba': ok
encode 'foobar': ok
decode empty: ok
decode 'Zg==': ok
decode 'Zm8=': ok
decode 'Zm9v': ok
decode 'Zm9vYmFy': ok
decode unpadded 'Zg': ok
decode unpadded 'Zm8': ok
encode url 0xfb 0xff: ok
encode std 0xfb 0xff: ok
decode url '-_8=': ok
invalid char: ok (None)
