leaves: i=-42 b=true s=héllo c=é r=1.5 pos=34/34
bool byte 2: Err(BinSerialize Bool: byte out of range)
string length past end: Err(BinSerialize String: truncated payload)
real not decimal: Err(BinSerialize Real: invalid decimal payload)
tagged: TNone pos=1/1
tagged: TInt(7) pos=9/9
tagged: TMix(false, , z, 3) pos=22/22
tagged: TNest(i=-42 b=true s=héllo c=é r=1.5) pos=35/35
empty: Err(unexpected end of buffer)
tag out of range: Err(BinSerialize Tagged: invalid tag)
mix bool byte 7: Err(BinSerialize Bool: byte out of range)
cuts of TMix:
  cut 0..5: unexpected end of buffer
  cut 6..7: BinSerialize String: truncated payload
  cut 8..23: unexpected end of buffer
cuts of TNest:
  cut 0..13: unexpected end of buffer
  cut 14..19: BinSerialize String: truncated payload
  cut 20..31: unexpected end of buffer
  cut 32..34: BinSerialize Real: truncated payload
