case 0: Trapped: bytes_put_le: range 1..9 out of range (len=8)
case 1: Trapped: bytes_get_le: range 1..9 out of range (len=8)
case 2: Trapped: bytes_put_le: range 9..9 out of range (len=8)
case 3: Trapped: bytes_get_le: range 9..9 out of range (len=8)
case 4: Trapped: bytes_get_le: width 9 outside 0..8
case 5: Trapped: bytes_blit: range 5..9 out of range (len=8)
case 6: Trapped: bytes_blit: range 5..9 out of range (len=8)
case 7: Trapped: bytes_blit: range -1..0 out of range (len=8)
case 8: Trapped: bytes_put_string: range 6..9 out of range (len=8)
case 9: Trapped: bytes_get_string: range 5..9 out of range (len=8)
