period assoc: ok
period commut: ok
period neutral: ok
period inverse: ok
period sub: ok
normalise carries: ok
shift m+d: ok
shift m: ok
order months first: ok
clamps: ok
no clamp: ok
exact none: ok
exact some: ok
leap clamp: ok
between m+d: ok
diff days: ok
between ymd: ok
between partial: ok
clamp is lossy: ok
