union size 6: ok
union: 1,2,3,4,5,6
union has 1: ok
union has 6: ok
intersection size 2: ok
intersection: 3,4
intersection has 3: ok
intersection no 1: ok
a-b size 2: ok
a-b: 1,2
b-a size 2: ok
b-a: 5,6
disjoint intersection empty: ok
disjoint union size 4: ok
{3,4} subset of a: ok
{3,4,7} not subset of a: ok
empty subset of a: ok
a subset of itself: ok
a not subset of {3,4}: ok
a unchanged after ops: ok
b unchanged after ops: ok
a: 1,2,3,4
b: 3,4,5,6
