empty size 0: ok
empty is_empty: ok
empty not contains: ok
size 3: ok
contains 'a': ok
contains 'b': ok
contains 'c': ok
not contains 'd': ok
not is_empty: ok
re-add keeps size 3: ok
members: a,b,c
remove drops size: ok
'b' gone: ok
'a' survives: ok
remove missing is no-op: ok
from dedups to 3: ok
from has 'x': ok
from has 'z': ok
from no 'w': ok
from: x,y,z
100K size exact: ok
100K all present: ok
100K absent missing: ok
remove from big drops one: ok
removed gone: ok
ints: 1,2,3
