encode []: ok
encode [0]: ok
encode [255]: ok
encode [16,255]: ok
encode 'foo': ok
decode '00': ok
decode 'ff': ok
decode 'FF': ok
decode '666f6f': ok
decode 'DeAdBeEf': ok
decode invalid: ok (None)
decode odd length: ok (None)
int 0: ok
int 15: ok
int 255: ok
int 4096: ok
int 65535: ok
int -7: ok
parse '0': ok
parse 'ff': ok
parse 'FF': ok
parse '1000': ok
parse 'deadbeef': ok
parse empty: ok (None)
parse invalid: ok (None)
