== ch17 routes ==
GET /notes -> HTTP/1.1 200 OK body_len=51
POST /notes -> HTTP/1.1 201 Created body_len=18
GET /notes/42 -> HTTP/1.1 200 OK body_len=24
DELETE /nope -> HTTP/1.1 404 Not Found body_len=0
== ch17 error path ==
malformed parse ERR: http_parse_request: unsupported protocol 'HTTP/0.9' (v1 accepts HTTP/1.1 only)
done
