== strict mode ==
strict policy max=10 rewrite303=false preserve307=true
strict codes [301,302,303,307,308]
== tight loop ==
tight policy max=2 rewrite303=true preserve307=true
tight codes [301,302,303,307,308]
== permanent only ==
permanent policy max=5 rewrite303=true preserve307=true
permanent codes [301,308]
== threading through http_follow ==
strict policy typed ok
tight policy typed ok
perm policy typed ok
done
