== default policy ==
default policy max=10 rewrite303=true preserve307=true
default 3xx codes count=5
== custom policy ==
custom policy max=3 rewrite303=false preserve307=true
custom 3xx codes count=2
== convenience surface ==
http_get_follow ok
http_post_follow ok
http_put_follow ok
http_delete_follow ok
http_follow ok
done
