{"tag":"Empty","value":null} -> empty
{"tag":"Circle","value":1.5} -> circle 1.5
{"tag":"Rect","value":[2.5,3.5]} -> rect 2.5x3.5
{"name":"s","node":{"tag":"Seg","value":[{"x":0,"y":0},{"x":3,"y":4}]}}
s: seg 0,0-3,4
unknown -> root.tag: expected one of Empty, Circle, Rect, got Triangle
bad payload -> root.value: expected Real, got String
