big length: ok
windows count: ok
first window: ok
last window: ok
windows too wide: ok
windows n<=0: ok
dup input length: ok
eq uniq dedups to 1000: ok
hash uniq dedups to 1000: ok
eq and hash agree: ok
first-occurrence order kept: ok
uniq last is 999: ok
eq uniq idempotent: ok
hash uniq idempotent: ok
