update existing 'b' = 12: ok
update keeps size: ok
update absent 'd' = 99 (default): ok
update grows size: ok
fold sum == 6: ok
fold keys ascending == [c,b,a] reversed: ok
merge size 3: ok
merge left-biased 'y' == 2: ok
merge inherits 'z' from m2: ok
filter evens size 1: ok
filter evens contains 'b': ok
filter evens drops 'a': ok
transform_values 'c' == 9: ok
transform_values keeps size: ok
transform_values keeps keys: ok
squared entries: a=1,b=4,c=9
merged entries: x=1,y=2,z=3
