map 3 reversed: ok
map 4 reversed: ok
map 5 reversed: ok
map 5 shuffled: ok
map value differs: ok
map key differs: ok
map size differs: ok
map empty: ok
set 3 reversed: ok
set 4 reversed: ok
set dup insert: ok
set member differs: ok
set size differs: ok
show map:  %{a: 1, b: 2, c: 3, d: 4}
show set:  %[3, 1, 2]
show pair: (1, x)
show nest: %{k: [1, 2]}
