empty size 0: ok
empty is_empty: ok
peek empty: ok
pop empty: ok
size 3: ok
not is_empty: ok
to_list 3: 1,2,3
peek 1: ok
size still 3 after peek: ok
--- drain ---
pop=1 rest=2,3
pop=2 rest=3
pop=3 rest=
end
rot first == 10: ok
rot to_list: 20,30
rot size 2: ok
from_list to_list: 7,8,9
from_list size 3: ok
