sqrt 4: ok
sqrt 2: ok
cbrt 27: ok
cbrt 8: ok
cbrt -8: ok
pow 2 10: ok
pow 9 0.5: ok
exp 0: ok
exp 1: ok
log e: ok
log 1: ok
log2 1024: ok
log10 1000: ok
sin 0: ok
cos 0: ok
tan 0: ok
sin pi/2: ok
cos pi: ok
asin 1: ok
acos 1: ok
atan 1: ok
atan2 1 1: ok
atan2 1 0: ok
sinh 0: ok
cosh 0: ok
tanh 0: ok
signum +: ok
signum -: ok
signum 0: ok
is_nan sqrt(-1): ok
is_nan asin(2): ok
is_nan 0.0: ok
is_inf log(0): ok
is_inf 1.0: ok
triangle dist: ok
triangle ang: ok
exp/log id 2^7: ok
