int max       => Some(9223372036854775807)
int min       => Some(-9223372036854775808)
int zero      => Some(0)
int negative  => Some(-42)
int max+1     => None
int min-1     => None
int huge      => None
int huge neg  => None
int junk      => None
int empty     => None
int trailing  => None
int sign only => None
int spaced    => None
real ok       => Some(1.5)
real negative => Some(-2.25)
real overflow => None
real neg ovf  => None
real subnorm  => Some(9.99989e-321)
real underflw => Some(0)
real junk     => None
real empty    => None
