prefix happy    => Some("42")
prefix empty    => Some("abc")
prefix full     => Some("")
prefix too long => None
prefix empty s  => None
prefix mismatch => None
suffix happy    => Some("file")
suffix empty    => Some("abc")
suffix full     => Some("")
suffix too long => None
suffix empty s  => None
suffix mismatch => None
