frac: threshold = 0.8

negative: delta = -0.01

plus: gain = 2.5

integral: ratio = 1.0

exp: big = 1e+06

exp_plus: huge = 5e+22

exp_neg: planck = 6.626e-34

frac_exp: mixed = -250.0

in_array: ws = [0.5, 1.5, 2]

inline: [score]
threshold = 0.8
hard = false


mixed_doc: [run]
workers = 8
spells = ["arm", "compare"]

[score]
threshold = 0.8
ratchet = true


no_int_part: None
no_frac_part: None
no_exp_digits: None
separator: None
inf: None
nan: None
