format zeros: ok
format 0xff: ok
format short: ok (None)
round-trip canonical: ok
upper -> lower: ok
parse empty: ok (None)
parse 'nope': ok (None)
parse missing dash: ok (None)
parse non-hex: ok (None)
parse short: ok (None)
is_valid canonical: ok
is_valid upper: ok
not is_valid 'nope': ok
v4 #1 length 36: ok
v4 #1 dash count 4: ok
v4 #1 nibbles: ok
v4 #2 is_valid: ok
v4 #2 nibbles: ok
v4 #3 nibbles: ok
u1 != u2: ok
u2 != u3: ok
u1 != u3: ok
