case 0: Trapped: index 3 out of range (len=3)
case 1: Trapped: index 3 out of range (len=3)
case 2: Trapped: index -1 out of range (len=3)
case 3: Trapped: index 3 out of range (len=3)
case 4: Trapped: index 5 out of range (len=3)
case 5: Trapped: index 0 out of range (len=0)
case 6: Trapped: index 0 out of range (len=0)
case 7: Trapped: index 3 out of range (len=3)
case 8: Trapped: index -2 out of range (len=3)
case 9: Trapped: index 4 out of range (len=3)
