{"module": "../examples/doc/doc_json_basic.kai", "module_doc": "doc_json_basic — golden fixture for `--doc-json`. This sentence\nwraps across two lines. A second sentence follows the wrap.", "items": [{"kind": "fn", "name": "documented", "line": 7, "pub": true, "sig": "(x: Int) -> Int", "doc": "A documented public function."}, {"kind": "fn", "name": "undocumented", "line": 9, "pub": false, "sig": "(x: Int) -> Int", "doc": null}, {"kind": "type", "name": "Wrapper", "line": 12, "pub": true, "sig": null, "doc": "A documented type."}, {"kind": "protocol", "name": "Greet", "line": 14, "pub": false, "sig": null, "doc": null}, {"kind": "impl", "name": "Greet_for_Wrapper", "line": 19, "pub": true, "sig": "greet(self: Wrapper) -> String", "doc": "Greets a Wrapper by printing its value."}, {"kind": "fn", "name": "main", "line": 23, "pub": false, "sig": "() -> Int", "doc": null}]}
