{"module": "../examples/doc/doc_json_basic.kai", "module_doc": "doc_json_basic — golden fixture for `--doc-json` (issue #681).", "items": [{"kind": "fn", "name": "documented", "line": 6, "pub": true, "doc": "A documented public function."}, {"kind": "fn", "name": "undocumented", "line": 8, "pub": false, "doc": null}, {"kind": "type", "name": "Wrapper", "line": 11, "pub": true, "doc": "A documented type."}, {"kind": "fn", "name": "main", "line": 13, "pub": false, "doc": null}]}
