{"file": "examples/library_mode/def_at_param_shadow.kai", "probes": [{"kind": "def", "line": 2, "col": 18, "identifier": "x", "def": {"decl_kind": "Param", "name": "x", "file": "examples/library_mode/def_at_param_shadow.kai", "line": 2, "col": 12}}, {"kind": "def", "line": 3, "col": 5, "identifier": "x", "def": {"decl_kind": "Param", "name": "x", "file": "examples/library_mode/def_at_param_shadow.kai", "line": 1, "col": 10}}]}
