{"file": "examples/library_mode/def_at_pattern_record.kai", "probes": [{"kind": "def", "line": 5, "col": 25, "identifier": "px", "def": {"decl_kind": "PatBind", "name": "px", "file": "examples/library_mode/def_at_pattern_record.kai", "line": 5, "col": 13}}, {"kind": "def", "line": 5, "col": 30, "identifier": "py", "def": {"decl_kind": "PatBind", "name": "py", "file": "examples/library_mode/def_at_pattern_record.kai", "line": 5, "col": 17}}]}
