{"file": "examples/library_mode/def_at_nested_let.kai", "probes": [{"kind": "def", "line": 4, "col": 13, "identifier": "a", "def": {"decl_kind": "PatBind", "name": "a", "file": "examples/library_mode/def_at_nested_let.kai", "line": 2, "col": 7}}, {"kind": "def", "line": 5, "col": 5, "identifier": "c", "def": {"decl_kind": "PatBind", "name": "c", "file": "examples/library_mode/def_at_nested_let.kai", "line": 4, "col": 9}}, {"kind": "def", "line": 7, "col": 3, "identifier": "a", "def": {"decl_kind": "PatBind", "name": "a", "file": "examples/library_mode/def_at_nested_let.kai", "line": 2, "col": 7}}, {"kind": "def", "line": 7, "col": 7, "identifier": "b", "def": {"decl_kind": "PatBind", "name": "b", "file": "examples/library_mode/def_at_nested_let.kai", "line": 3, "col": 7}}]}
