{"file": "examples/library_mode/def_at_pattern_list.kai", "probes": [{"kind": "def", "line": 4, "col": 24, "identifier": "head", "def": {"decl_kind": "PatBind", "name": "head", "file": "examples/library_mode/def_at_pattern_list.kai", "line": 4, "col": 6}}, {"kind": "def", "line": 11, "col": 24, "identifier": "rest", "def": {"decl_kind": "PatBind", "name": "rest", "file": "examples/library_mode/def_at_pattern_list.kai", "line": 11, "col": 5}}]}
