{"file": "examples/library_mode/def_at_imports.kai", "probes": [{"kind": "def", "line": 4, "col": 11, "identifier": "triple", "def": {"decl_kind": "DFn", "name": "triple", "file": "examples/library_mode/def_at_imports.kai", "line": 1, "col": 5}}, {"kind": "def", "line": 5, "col": 11, "identifier": "square", "def": {"decl_kind": "DFn", "name": "square", "file": "examples/library_mode/def_at_imports.kai", "line": 2, "col": 5}}]}
