{"file": "examples/library_mode/def_at_local_shadow.kai", "probes": [{"kind": "def", "line": 3, "col": 19, "identifier": "x", "def": {"decl_kind": "PatBind", "name": "x", "file": "examples/library_mode/def_at_local_shadow.kai", "line": 2, "col": 7}}, {"kind": "def", "line": 6, "col": 5, "identifier": "x", "def": {"decl_kind": "PatBind", "name": "x", "file": "examples/library_mode/def_at_local_shadow.kai", "line": 5, "col": 9}}, {"kind": "def", "line": 8, "col": 5, "identifier": "x", "def": {"decl_kind": "PatBind", "name": "x", "file": "examples/library_mode/def_at_local_shadow.kai", "line": 2, "col": 7}}]}
