{"file": "examples/library_mode/def_at_pattern_as.kai", "probes": [{"kind": "def", "line": 5, "col": 33, "identifier": "a", "def": {"decl_kind": "PatBind", "name": "a", "file": "examples/library_mode/def_at_pattern_as.kai", "line": 5, "col": 21}}, {"kind": "def", "line": 5, "col": 37, "identifier": "b", "def": {"decl_kind": "PatBind", "name": "b", "file": "examples/library_mode/def_at_pattern_as.kai", "line": 5, "col": 24}}, {"kind": "def", "line": 5, "col": 41, "identifier": "whole", "def": {"decl_kind": "PatBind", "name": "whole", "file": "examples/library_mode/def_at_pattern_as.kai", "line": 5, "col": 5}}]}
