{"file": "examples/library_mode/def_at_match_arm.kai", "probes": [{"kind": "def", "line": 5, "col": 22, "identifier": "r", "def": {"decl_kind": "PatBind", "name": "r", "file": "examples/library_mode/def_at_match_arm.kai", "line": 5, "col": 12}}, {"kind": "def", "line": 6, "col": 22, "identifier": "side", "def": {"decl_kind": "PatBind", "name": "side", "file": "examples/library_mode/def_at_match_arm.kai", "line": 6, "col": 12}}, {"kind": "def", "line": 7, "col": 22, "identifier": "w", "def": {"decl_kind": "PatBind", "name": "w", "file": "examples/library_mode/def_at_match_arm.kai", "line": 7, "col": 10}}, {"kind": "def", "line": 7, "col": 26, "identifier": "h", "def": {"decl_kind": "PatBind", "name": "h", "file": "examples/library_mode/def_at_match_arm.kai", "line": 7, "col": 13}}]}
