{"file": "examples/library_mode/def_at_param_basic.kai", "probes": [{"kind": "def", "line": 1, "col": 28, "identifier": "n", "def": {"decl_kind": "Param", "name": "n", "file": "examples/library_mode/def_at_param_basic.kai", "line": 1, "col": 11}}, {"kind": "def", "line": 1, "col": 36, "identifier": "n", "def": {"decl_kind": "Param", "name": "n", "file": "examples/library_mode/def_at_param_basic.kai", "line": 1, "col": 11}}]}
