{"file": "examples/library_mode/def_at_closure_capture.kai", "probes": [{"kind": "def", "line": 2, "col": 10, "identifier": "x", "def": {"decl_kind": "Param", "name": "x", "file": "examples/library_mode/def_at_closure_capture.kai", "line": 1, "col": 15}}, {"kind": "def", "line": 2, "col": 14, "identifier": "y", "def": {"decl_kind": "Param", "name": "y", "file": "examples/library_mode/def_at_closure_capture.kai", "line": 2, "col": 4}}]}
