{"file": "examples/library_mode/def_at_pattern_as.kai", "probes": [{"kind": "def", "line": 5, "col": 32, "identifier": "a", "def": {"decl_kind": "PatBind", "name": "a", "file": "examples/library_mode/def_at_pattern_as.kai", "line": 5, "col": 20}}, {"kind": "def", "line": 5, "col": 36, "identifier": "b", "def": {"decl_kind": "PatBind", "name": "b", "file": "examples/library_mode/def_at_pattern_as.kai", "line": 5, "col": 23}}, {"kind": "def", "line": 5, "col": 40, "identifier": "whole", "def": {"decl_kind": "PatBind", "name": "whole", "file": "examples/library_mode/def_at_pattern_as.kai", "line": 5, "col": 5}}]}
