{"file": "examples/library_mode/def_at_pattern_shadow.kai", "probes": [{"kind": "def", "line": 3, "col": 16, "identifier": "v", "def": {"decl_kind": "Param", "name": "v", "file": "examples/library_mode/def_at_pattern_shadow.kai", "line": 1, "col": 32}}, {"kind": "def", "line": 4, "col": 16, "identifier": "v", "def": {"decl_kind": "PatBind", "name": "v", "file": "examples/library_mode/def_at_pattern_shadow.kai", "line": 4, "col": 10}}]}
