{"file": "examples/library_mode/def_at_basic.kai", "probes": [{"kind": "def", "line": 8, "col": 11, "identifier": "double", "def": {"decl_kind": "DFn", "name": "double", "file": "examples/library_mode/def_at_basic.kai", "line": 5, "col": 1}}, {"kind": "def", "line": 8, "col": 18, "identifier": "SCALE", "def": {"decl_kind": "DFn", "name": "SCALE", "file": "examples/library_mode/def_at_basic.kai", "line": 3, "col": 1}}]}
