{"file": "examples/library_mode/diags_multiple_errors.kai", "diagnostics": [{"severity": "error", "file": "examples/library_mode/diags_multiple_errors.kai", "line": 10, "col": 9, "message": "cannot find `missing` in this scope", "related": []}, {"severity": "error", "file": "examples/library_mode/diags_multiple_errors.kai", "line": 9, "col": 26, "message": "wrong number of arguments to `add`", "related": [{"file": "examples/library_mode/diags_multiple_errors.kai", "line": 9, "col": 26, "message": "note: `add` expects 2 argument(s), got 1"}, {"file": "examples/library_mode/diags_multiple_errors.kai", "line": 9, "col": 26, "message": "note: `add` expects: (Int, Int) -> Int"}, {"file": "examples/library_mode/diags_multiple_errors.kai", "line": 9, "col": 26, "message": "help: add the missing argument(s) or use `_` as a placeholder hole"}]}]}
