{"file": "examples/library_mode/diags_mono_bound.kai", "status": 1, "diagnostics": [{"severity": "error", "file": "examples/library_mode/diags_mono_bound.kai", "line": 20, "col": 16, "message": "type `Rock` does not satisfy the bound `Describe` on a type parameter of `label`", "related": []}, {"severity": "error", "file": "examples/library_mode/diags_mono_bound.kai", "line": 16, "col": 48, "message": "no impl of `Describe` for type `Rock` (operation `describe`)", "related": []}]}
