{"file": "examples/library_mode/diags_t1_type_mismatch.kai", "diagnostics": [{"severity": "error", "file": "examples/library_mode/diags_t1_type_mismatch.kai", "line": 8, "col": 29, "message": "type mismatch in function call", "related": [{"file": "examples/library_mode/diags_t1_type_mismatch.kai", "line": 8, "col": 29, "message": "note: in argument 1 of `double`"}, {"file": "examples/library_mode/diags_t1_type_mismatch.kai", "line": 8, "col": 29, "message": "note: `double` expects: (Int) -> Int"}]}]}
