{"file": "examples/library_mode/diags_t2_non_exhaustive.kai", "diagnostics": [{"severity": "error", "file": "examples/library_mode/diags_t2_non_exhaustive.kai", "line": 8, "col": 30, "message": "non-exhaustive match on Color: missing Blue, Green", "related": [{"file": "examples/library_mode/diags_t2_non_exhaustive.kai", "line": 8, "col": 30, "message": "note: missing variant: `Blue`"}, {"file": "examples/library_mode/diags_t2_non_exhaustive.kai", "line": 8, "col": 30, "message": "note: missing variant: `Green`"}, {"file": "examples/library_mode/diags_t2_non_exhaustive.kai", "line": 8, "col": 30, "message": "note: covered: Red"}, {"file": "examples/library_mode/diags_t2_non_exhaustive.kai", "line": 8, "col": 30, "message": "help: add an arm `Blue -> ...` or a wildcard `_ -> ...`"}]}]}
