{"file": "examples/library_mode/symbols_root_only.kai", "probes": [{"kind": "symbols", "line": 1, "col": 1, "symbols": [{"kind": "Constant", "name": "LIMIT", "line": 1, "col": 1}, {"kind": "Function", "name": "add", "line": 3, "col": 5}, {"kind": "Class", "name": "Point", "line": 5, "col": 1}, {"kind": "Interface", "name": "Ping", "line": 7, "col": 1}, {"kind": "Function", "name": "main", "line": 11, "col": 1}, {"kind": "Method", "name": "\"add adds\"", "line": 16, "col": 1}]}]}
