{"file": "examples/library_mode/type_at_basic.kai", "probes": [{"kind": "type", "line": 1, "col": 32, "enclosing": {"node_kind": "EVar", "node_line": 1, "node_col": 32}, "type": "Int"}, {"kind": "type", "line": 1, "col": 36, "enclosing": {"node_kind": "EVar", "node_line": 1, "node_col": 36}, "type": "Int"}, {"kind": "type", "line": 4, "col": 11, "enclosing": {"node_kind": "EVar", "node_line": 4, "node_col": 11}, "type": "(Int, Int) -> Int"}, {"kind": "type", "line": 4, "col": 15, "enclosing": {"node_kind": "EInt", "node_line": 4, "node_col": 15}, "type": "Int"}]}
