hole_candidates_var_pin.kai:4:3: type hole ?

  expected: Int

  in scope (local):
    n : Int

  candidates that fit:
    n
    range_step_length(n, n, n)
    range_length(n, n)
    int_cmp(n, n)
    bit_and(n, n)
    bit_or(n, n)
    bit_xor(n, n)
    bit_not(n)

  fits if you add `/ SecureRandom`:
    SecureRandom.int_range(n, n)

  fits if you add `/ Random`:
    Random.int_range(n, n)


