?pure: n, open(n), handled(n), range_step_length(n, n, n), range_length(n, n), int_cmp(n, n), bit_and(n, n), bit_or(n, n)
?pure needs Random: declared(n)
?pure needs Dice: Dice.roll(n)
?pure needs SecureRandom: SecureRandom.int_range(n, n)
?pure needs Random: Random.int_range(n, n)
?declared: n, open(n), handled(n), pure(n), range_step_length(n, n, n), range_length(n, n), Random.int_range(n, n), int_cmp(n, n)
?declared needs Dice: Dice.roll(n)
?declared needs SecureRandom: SecureRandom.int_range(n, n)
?handled: n, open(n), pure(n), Dice.roll(n), range_step_length(n, n, n), range_length(n, n), int_cmp(n, n), bit_and(n, n)
?handled needs Random: declared(n)
?handled needs SecureRandom: SecureRandom.int_range(n, n)
?handled needs Random: Random.int_range(n, n)
?open: n, handled(n), declared(n), pure(n), Dice.roll(n), range_step_length(n, n, n), range_length(n, n), SecureRandom.int_range(n, n)
?in_main: m, open(m), handled(m), declared(m), pure(m), range_step_length(m, m, m), range_length(m, m), SecureRandom.int_range(m, m)
?in_main needs Dice: Dice.roll(m)
