hole_candidates_effect_context.kai:5:25: type hole ?pure

  expected: Int

  in scope (local):
    n : Int

  candidates that fit:
    n
    open(n)
    handled(n)
    range_step_length(n, n, n)
    range_length(n, n)
    int_cmp(n, n)
    bit_and(n, n)
    bit_or(n, n)

  fits if you add `/ Random`:
    declared(n)
    Random.int_range(n, n)

  fits if you add `/ Dice`:
    Dice.roll(n)

  fits if you add `/ SecureRandom`:
    SecureRandom.int_range(n, n)


hole_candidates_effect_context.kai:7:38: type hole ?declared

  expected: Int

  in scope (local):
    n : Int

  candidates that fit:
    n
    open(n)
    handled(n)
    pure(n)
    range_step_length(n, n, n)
    range_length(n, n)
    Random.int_range(n, n)
    int_cmp(n, n)

  fits if you add `/ Dice`:
    Dice.roll(n)

  fits if you add `/ SecureRandom`:
    SecureRandom.int_range(n, n)


hole_candidates_effect_context.kai:9:37: type hole ?handled

  expected: Int

  in scope (local):
    n : Int

  candidates that fit:
    n
    open(n)
    pure(n)
    Dice.roll(n)
    range_step_length(n, n, n)
    range_length(n, n)
    int_cmp(n, n)
    bit_and(n, n)

  fits if you add `/ Random`:
    declared(n)
    Random.int_range(n, n)

  fits if you add `/ SecureRandom`:
    SecureRandom.int_range(n, n)


hole_candidates_effect_context.kai:13:32: type hole ?open

  expected: Int

  in scope (local):
    n : Int

  candidates that fit:
    n
    handled(n)
    declared(n)
    pure(n)
    Dice.roll(n)
    range_step_length(n, n, n)
    range_length(n, n)
    SecureRandom.int_range(n, n)


hole_candidates_effect_context.kai:17:11: type hole ?in_main

  expected: Int

  in scope (local):
    m : Int

  candidates that fit:
    m
    open(m)
    handled(m)
    declared(m)
    pure(m)
    range_step_length(m, m, m)
    range_length(m, m)
    SecureRandom.int_range(m, m)

  fits if you add `/ Dice`:
    Dice.roll(m)


