migrate: 2 change(s) need manual attention:
  manual: 7:21 — array.from dropped its `default` argument in Orongo; remove it by hand once you confirm the element slot is inferred correctly
  manual: 8:21 — array.copy dropped its `default` argument in Orongo; remove it by hand once you confirm the element slot is inferred correctly

migrate: 0 automatic rewrite(s) applied
