warning: call to `show` with 1 argument skips the local `show`, which takes 2, and reaches the protocol operation `show`
warning: call to `max` with 1 argument skips `main.max`, which takes 2, and reaches `list.max`
warning: call to `min` with 1 argument skips `main.min`, which takes 2, and reaches `list.min`
warning: call to `length` with 1 argument skips the local `length`, which takes 2, and reaches the core `length`
warning: call to `reverse` with 1 argument skips the local `reverse`, which takes 2, and reaches the core `reverse`
warning: call to `last` with 1 argument skips `main.last`, which takes 2, and reaches `list.last`
