../examples/lint/and_then_to_map_nudge_positive.kai:7:50: warning: and_then whose function always wraps its result in Some; use map [and_then_to_map_nudge]
../examples/lint/and_then_to_map_nudge_positive.kai:10:13: warning: and_then whose function always wraps its result in Some; use map [and_then_to_map_nudge]
../examples/lint/and_then_to_map_nudge_positive.kai:13:13: warning: and_then whose function always wraps its result in Some; use map [and_then_to_map_nudge]
