[{"file": "../examples/lint/and_then_to_map_nudge_positive.kai", "line": 7, "col": 50, "rule": "and_then_to_map_nudge", "severity": "warning", "message": "and_then whose function always wraps its result in Some; use map"}, {"file": "../examples/lint/and_then_to_map_nudge_positive.kai", "line": 10, "col": 13, "rule": "and_then_to_map_nudge", "severity": "warning", "message": "and_then whose function always wraps its result in Some; use map"}, {"file": "../examples/lint/and_then_to_map_nudge_positive.kai", "line": 13, "col": 13, "rule": "and_then_to_map_nudge", "severity": "warning", "message": "and_then whose function always wraps its result in Some; use map"}]
