../examples/lint/dead_code_unused_priv_derive.kai:21:1: warning: private function `__pimpl_Eq_Ghost_eq` is never used; remove it or export it [dead_code_unused_priv]
../examples/lint/dead_code_unused_priv_derive.kai:23:1: warning: private function `really_dead` is never used; remove it or export it [dead_code_unused_priv]
