../examples/lint/dead_code_unused_priv_positive.kai:5:1: warning: private function `unused_helper` is never used; remove it or export it [dead_code_unused_priv]
../examples/lint/dead_code_unused_priv_positive.kai:7:1: warning: private function `also_unused` is never used; remove it or export it [dead_code_unused_priv]
