[{"file": "../examples/lint/dead_code_unused_priv_positive.kai", "line": 5, "col": 1, "rule": "dead_code_unused_priv", "severity": "warning", "message": "private function `unused_helper` is never used; remove it or export it"}, {"file": "../examples/lint/dead_code_unused_priv_positive.kai", "line": 7, "col": 1, "rule": "dead_code_unused_priv", "severity": "warning", "message": "private function `also_unused` is never used; remove it or export it"}]
