[{"file": "../examples/lint/dead_code_unused_priv_derive.kai", "line": 21, "col": 1, "rule": "dead_code_unused_priv", "severity": "warning", "message": "private function `__pimpl_Eq_Ghost_eq` is never used; remove it or export it"}, {"file": "../examples/lint/dead_code_unused_priv_derive.kai", "line": 23, "col": 1, "rule": "dead_code_unused_priv", "severity": "warning", "message": "private function `really_dead` is never used; remove it or export it"}]
