../examples/lint/effect_ffi_without_extern_positive.kai:7:5: warning: pub fn `fake_ffi` declares `/ Ffi` but its body calls no extern function [effect_ffi_without_extern]
../examples/lint/effect_ffi_without_extern_positive.kai:9:5: warning: pub fn `also_fake` declares `/ Ffi` but its body calls no extern function [effect_ffi_without_extern]
