[{"file": "../examples/lint/effect_over_declared_positive.kai", "line": 9, "col": 5, "rule": "effect_over_declared", "severity": "warning", "message": "pub fn `over_declared` declares effect `Logger` its body never uses"}, {"file": "../examples/lint/effect_over_declared_positive.kai", "line": 11, "col": 5, "rule": "effect_over_declared", "severity": "warning", "message": "pub fn `also_over` declares effect `Logger` its body never uses"}]
