../examples/lint/effect_over_declared_positive.kai:9:5: warning: pub fn `over_declared` declares effect `Logger` its body never uses [effect_over_declared]
../examples/lint/effect_over_declared_positive.kai:11:5: warning: pub fn `also_over` declares effect `Logger` its body never uses [effect_over_declared]
