[{"file": "../examples/lint/effect_ffi_without_extern_positive.kai", "line": 7, "col": 5, "rule": "effect_ffi_without_extern", "severity": "warning", "message": "pub fn `fake_ffi` declares `/ Ffi` but its body calls no extern function"}, {"file": "../examples/lint/effect_ffi_without_extern_positive.kai", "line": 9, "col": 5, "rule": "effect_ffi_without_extern", "severity": "warning", "message": "pub fn `also_fake` declares `/ Ffi` but its body calls no extern function"}]
