../examples/lint/list_concat_literal_to_spread_positive.kai:5:40: warning: `[h] ++ t` builds an intermediate list; write `[h, ...t]` [list_concat_literal_to_spread]
../examples/lint/list_concat_literal_to_spread_positive.kai:7:43: warning: `[h] ++ t` builds an intermediate list; write `[h, ...t]` [list_concat_literal_to_spread]
