../examples/lint/loop_body_expr_lints.kai:13:10: warning: if/else yields only boolean literals; use the condition itself [redundant_if_bool]
../examples/lint/loop_body_expr_lints.kai:14:5: warning: pure value of type Int discarded; bind it or drop the statement [discard_pure_value]
../examples/lint/loop_body_expr_lints.kai:18:5: warning: pure value of type Int discarded; bind it or drop the statement [discard_pure_value]
../examples/lint/loop_body_expr_lints.kai:22:10: warning: if/else yields only boolean literals; use the condition itself [redundant_if_bool]
