[{"file": "../examples/lint/loop_body_expr_lints.kai", "line": 13, "col": 10, "rule": "redundant_if_bool", "severity": "warning", "message": "if/else yields only boolean literals; use the condition itself"}, {"file": "../examples/lint/loop_body_expr_lints.kai", "line": 14, "col": 5, "rule": "discard_pure_value", "severity": "warning", "message": "pure value of type Int discarded; bind it or drop the statement"}, {"file": "../examples/lint/loop_body_expr_lints.kai", "line": 18, "col": 5, "rule": "discard_pure_value", "severity": "warning", "message": "pure value of type Int discarded; bind it or drop the statement"}, {"file": "../examples/lint/loop_body_expr_lints.kai", "line": 22, "col": 10, "rule": "redundant_if_bool", "severity": "warning", "message": "if/else yields only boolean literals; use the condition itself"}]
