[{"file": "../examples/lint/match_option_to_combinator_positive.kai", "line": 8, "col": 36, "rule": "match_option_to_combinator", "severity": "warning", "message": "manual match over Option; use unwrap_or"}, {"file": "../examples/lint/match_option_to_combinator_positive.kai", "line": 13, "col": 43, "rule": "match_option_to_combinator", "severity": "warning", "message": "manual match over Option; use map"}, {"file": "../examples/lint/match_option_to_combinator_positive.kai", "line": 18, "col": 43, "rule": "match_option_to_combinator", "severity": "warning", "message": "manual match over Option; use and_then"}]
