../examples/lint/match_option_to_combinator_positive.kai:8:36: warning: manual match over Option; use unwrap_or [match_option_to_combinator]
../examples/lint/match_option_to_combinator_positive.kai:13:43: warning: manual match over Option; use map [match_option_to_combinator]
../examples/lint/match_option_to_combinator_positive.kai:18:43: warning: manual match over Option; use and_then [match_option_to_combinator]
