../examples/lint/point_free_nudge_positive.kai:8:44: warning: lambda is a field/method access on its argument; a point-free section reads cleaner [point_free_nudge]
../examples/lint/point_free_nudge_positive.kai:10:43: warning: lambda is a field/method access on its argument; a point-free section reads cleaner [point_free_nudge]
../examples/lint/point_free_nudge_positive.kai:12:43: warning: lambda is a field/method access on its argument; a point-free section reads cleaner [point_free_nudge]
