[{"file": "../examples/lint/point_free_nudge_positive.kai", "line": 8, "col": 44, "rule": "point_free_nudge", "severity": "warning", "message": "lambda is a field/method access on its argument; a point-free section reads cleaner"}, {"file": "../examples/lint/point_free_nudge_positive.kai", "line": 10, "col": 43, "rule": "point_free_nudge", "severity": "warning", "message": "lambda is a field/method access on its argument; a point-free section reads cleaner"}, {"file": "../examples/lint/point_free_nudge_positive.kai", "line": 12, "col": 43, "rule": "point_free_nudge", "severity": "warning", "message": "lambda is a field/method access on its argument; a point-free section reads cleaner"}]
