[{"file": "../examples/lint/redundant_match_catchall_positive.kai", "line": 6, "col": 27, "rule": "redundant_match_catchall", "severity": "warning", "message": "match has a single catch-all arm; use the expression directly"}, {"file": "../examples/lint/redundant_match_catchall_positive.kai", "line": 10, "col": 27, "rule": "redundant_match_catchall", "severity": "warning", "message": "match has a single catch-all arm; bind the scrutinee with `let`"}]
