../examples/lint/redundant_if_bool_positive.kai:5:28: warning: if/else yields only boolean literals; use the condition itself [redundant_if_bool]
../examples/lint/redundant_if_bool_positive.kai:7:31: warning: if/else yields only boolean literals; use `not` of the condition [redundant_if_bool]
../examples/lint/redundant_if_bool_positive.kai:9:35: warning: if/else yields only boolean literals; use the condition itself [redundant_if_bool]
