[{"file": "../examples/lint/redundant_if_bool_positive.kai", "line": 5, "col": 28, "rule": "redundant_if_bool", "severity": "warning", "message": "if/else yields only boolean literals; use the condition itself"}, {"file": "../examples/lint/redundant_if_bool_positive.kai", "line": 7, "col": 31, "rule": "redundant_if_bool", "severity": "warning", "message": "if/else yields only boolean literals; use `not` of the condition"}, {"file": "../examples/lint/redundant_if_bool_positive.kai", "line": 9, "col": 35, "rule": "redundant_if_bool", "severity": "warning", "message": "if/else yields only boolean literals; use the condition itself"}]
