../examples/lint/redundant_match_catchall_positive.kai:6:27: warning: match has a single catch-all arm; use the expression directly [redundant_match_catchall]
../examples/lint/redundant_match_catchall_positive.kai:10:27: warning: match has a single catch-all arm; bind the scrutinee with `let` [redundant_match_catchall]
