fn make_core
  Pair[Int, Int]  Pair@tuple
fn make_mine
  Pair[Int, Int]  Pair@tycon_ids_tuple_record_homonym
fn sum_core
  Pair[Int, Int]  Pair@tuple
fn sum_mine
  Pair[Int, Int]  Pair@tycon_ids_tuple_record_homonym
fn main
  Pair[Int, Int]  Pair@tuple
  Pair[Int, Int]  Pair@tycon_ids_tuple_record_homonym
