fn swap
  Pair[String, String]  Pair@tuple
fn second
  Pair[String, String]  Pair@tuple
fn total
  Triple[Int, Int, Int]  Triple@tuple
fn joined
  Pair  Pair@tycon_ids_tuple_homonym
fn units
  Triple  Triple@tycon_ids_tuple_homonym
fn main
  Pair[String, String]  Pair@tuple
  Triple[Int, Int, Int]  Triple@tuple
  Pair  Pair@tycon_ids_tuple_homonym
  Triple  Triple@tycon_ids_tuple_homonym
