fn area(s: box) : i64 {
  entry:
    .t0: i32 = tagof s
    __pcs_scr: box = s
    .t1: box = ()
    switch .t0 [5385 -> L2, 19666 -> L3] default L1
  L1:
    unreachable
  L2:
    r: box = projk s.0/1
    .t2: i64 = prim int.unbox(r)
    .t3: i64 = prim int.unbox(r)
    .t4: i64 = prim i*(.t2, .t3)
    .t5: i64 = prim i*(.t4, 3)
    __pcs_arm_ret: i64 = .t5
    drop r
    .t6: box = prim int.box(__pcs_arm_ret)
    .t1 <- .t6
    br L0
  L3:
    w: box = projk s.0/1
    .t7: i64 = prim int.unbox(w)
    .t8: i64 = prim int.unbox(w)
    .t9: i64 = prim i*(.t7, .t8)
    __pcs_arm_ret: i64 = .t9
    drop w
    .t10: box = prim int.box(__pcs_arm_ret)
    .t1 <- .t10
    br L0
  L0:
    .t11: i64 = prim int.unbox(.t1)
    drop .t1
    ret .t11
}

fn sign(n: i64) : i64 {
  entry:
    .t0: i1 = prim i>(n, 0)
    .t1: i64 = 0
    condbr .t0 ? L0 : L1
  L0:
    .t1 <- 1
    br L2
  L1:
    .t2: i64 = prim i-(0, 1)
    .t1 <- .t2
    br L2
  L2:
    .t3: i64 = prim int.unbox(.t1)
    drop .t1
    ret .t3
}

fn main() : box {
  entry:
    .t0: box = con Circle #5385 m1 {i64:2}
    .t1: i64 = area(.t0)
    drop .t0
    a: i64 = .t1
    .t2: i64 = sign(a)
    .t3: i64 = prim i+(a, .t2)
    .t4: box = prim int.box(.t3)
    .t5: box = int_to_string(.t4)
    .t6: box = perform Stdout.print(.t5)
    ret .t6
}

