fn greet(x: i64) : box {
  entry:
    .t0: box = prim int.box(x)
    .t1: box = int_to_string(.t0)
    .t2: box = protocols____pimpl_Show_String_show(.t1)
    .t3: box = prim kai_nil()
    .t4: box = prim kai_cons(.t2, .t3)
    .t5: box = prim kai_cons("x is ", .t4)
    .t6: box = string_concat_all(.t5)
    ret .t6
}

fn main() : box {
  entry:
    .t0: box = prim int.box(42)
    .t1: box = greet(.t0)
    .t2: box = perform Stdout.print(.t1)
    ret .t2
}

