fn fold_piped(xs: box) : i64 {
  entry:
    .t0: i64 = list__foldl__cspec__Fadd__mono__Int__Int(xs, 0)
    ret .t0
}

fn fold_direct(xs: box) : i64 {
  entry:
    .t0: i64 = list__foldl__cspec__Fadd__mono__Int__Int(xs, 0)
    ret .t0
}

fn map_piped(xs: box) : box {
  entry:
    .t0: box = list__map__cspec__Fdouble__mono__Int__Int(xs)
    ret .t0
}

fn map_direct(xs: box) : box {
  entry:
    .t0: box = list__map__cspec__Fdouble__mono__Int__Int(xs)
    ret .t0
}

fn filter_piped(xs: box) : box {
  entry:
    .t0: box = list__filter__cspec__Fpos__mono__Int(xs)
    ret .t0
}

fn filter_direct(xs: box) : box {
  entry:
    .t0: box = list__filter__cspec__Fpos__mono__Int(xs)
    ret .t0
}

fn flat_piped(xs: box) : box {
  entry:
    .t0: box = list__flat_map__cspec__Ftwin__mono__Int__Int(xs)
    ret .t0
}

fn flat_direct(xs: box) : box {
  entry:
    .t0: box = list__flat_map__cspec__Ftwin__mono__Int__Int(xs)
    ret .t0
}

