fn length(a: i64, b: i64) : i64 {
  entry:
    .t0: i64 = prim i*(a, b)
    ret .t0
}

fn count(f: box, xs: box) : i64 {
  entry:
    .t0: box = call_ind f(xs)
    .t1: i64 = prim int.unbox(.t0)
    drop .t0
    ret .t1
}

fn main() : box {
  entry:
    .t0: box = closure _kaiu_list__length_thunk/1 []
    g: box = .t0
    .t1: box = prim int.box(1)
    .t2: box = prim int.box(2)
    .t3: box = prim int.box(3)
    .t4: box = prim kai_nil()
    .t5: box = prim kai_cons(.t3, .t4)
    .t6: box = prim kai_cons(.t2, .t5)
    .t7: box = prim kai_cons(.t1, .t6)
    .t8: i64 = count__cspec__Flist__length(.t7)
    .t9: box = protocols____pimpl_Show_Int_show(.t8)
    .t10: box = prim int.box(4)
    .t11: box = prim int.box(5)
    .t12: box = prim kai_nil()
    .t13: box = prim kai_cons(.t11, .t12)
    .t14: box = prim kai_cons(.t10, .t13)
    .t15: i64 = count(g, .t14)
    .t16: box = protocols____pimpl_Show_Int_show(.t15)
    .t17: i64 = length(2, 5)
    .t18: box = protocols____pimpl_Show_Int_show(.t17)
    .t19: box = prim kai_nil()
    .t20: box = prim kai_cons(.t18, .t19)
    .t21: box = prim kai_cons(" ", .t20)
    .t22: box = prim kai_cons(.t16, .t21)
    .t23: box = prim kai_cons(" ", .t22)
    .t24: box = prim kai_cons(.t9, .t23)
    .t25: box = kaix_core_string_concat_all(.t24)
    .t26: box = perform Stdout.print(.t25)
    ret .t26
}

