fn length(a: i64, b: i64) : i64 {
  entry:
    .t0: i64 = prim i*(a, b)
    ret .t0
}

fn count(f: box, xs: box) : i64 {
  entry:
    .t0: box = call_ind f(xs)
    .t1: i64 = prim int.unbox(.t0)
    drop .t0
    ret .t1
}

fn main() : box {
  entry:
    .t0: box = closure _kaiu_list__length_thunk/1 []
    .t1: box = prim int.box(1)
    .t2: box = prim int.box(2)
    .t3: box = prim int.box(3)
    .t4: box = prim kai_nil()
    .t5: box = prim kai_cons(.t3, .t4)
    .t6: box = prim kai_cons(.t2, .t5)
    .t7: box = prim kai_cons(.t1, .t6)
    .t8: i64 = count(.t0, .t7)
    .t9: box = protocols____pimpl_Show_Int_show(.t8)
    .t10: i64 = length(2, 5)
    .t11: box = protocols____pimpl_Show_Int_show(.t10)
    .t12: box = prim kai_nil()
    .t13: box = prim kai_cons(.t11, .t12)
    .t14: box = prim kai_cons(" ", .t13)
    .t15: box = prim kai_cons(.t9, .t14)
    .t16: box = string_concat_all(.t15)
    .t17: box = perform Stdout.print(.t16)
    ret .t17
}

