fn __pimpl_Show_Shape_show(x: box) : box {
  entry:
    .t0: i32 = tagof x
    __pcs_scr: box = x
    .t1$sd: box = x
    .t1: box = ()
    switch .t0 [21416 -> L2, 57483 -> L3] default L1
  L1:
    .t2: box = prim kai_core_panic("non-exhaustive match")
    unreachable
  L2:
    a0__7_1: box = projk x.0/1
    arm-take .t1$sd [] drop-mask 0
    .t1$sd <- ()
    .t3: i64 = prim int.unbox(a0__7_1)
    .t4: box = protocols____pimpl_Show_Int_show(.t3)
    .t5: box = prim kai_nil()
    .t6: box = prim kai_cons(")", .t5)
    .t7: box = prim kai_cons(.t4, .t6)
    .t8: box = prim kai_cons("", .t7)
    .t9: box = prim kai_cons("Circle(", .t8)
    .t10: box = kaix_core_string_concat_all(.t9)
    __pcs_arm_ret: box = .t10
    drop a0__7_1
    .t11: box = __pcs_arm_ret
    .t1 <- .t11
    br L0
  L3:
    .t12: box = projk x.0/1
    arm-take .t1$sd [] drop-mask 0
    .t1$sd <- ()
    .t13: i64 = prim int.unbox(.t12)
    .t14: box = protocols____pimpl_Show_Int_show(.t13)
    .t15: box = prim kai_nil()
    .t16: box = prim kai_cons(")", .t15)
    .t17: box = prim kai_cons(.t14, .t16)
    .t18: box = prim kai_cons("", .t17)
    .t19: box = prim kai_cons("Square(", .t18)
    .t20: box = kaix_core_string_concat_all(.t19)
    __pcs_arm_ret: box = .t20
    drop .t12
    .t21: box = __pcs_arm_ret
    .t1 <- .t21
    br L0
  L0:
    drop .t1$sd
    ret .t1
}

