fn __pimpl_Show_Shape_show(x: box) : box {
  entry:
    .t0: i32 = tagof x
    __pcs_scr: box = x
    .t1$sd: box = x
    .t1: box = ()
    switch .t0 [21416 -> L2, 57483 -> L3] default L1
  L1:
    .t2: box = prim kai_core_panic("non-exhaustive match")
    unreachable
  L2:
    a0__7_1: box = projb x.0
    arm-take .t1$sd [a0__7_1] drop-mask 0
    .t1$sd <- ()
    .t3: box = protocols____pimpl_Show_String_show(a0__7_1)
    .t4: box = prim kai_nil()
    .t5: box = prim kai_cons(")", .t4)
    .t6: box = prim kai_cons(.t3, .t5)
    .t7: box = prim kai_cons("", .t6)
    .t8: box = prim kai_cons("Circle(", .t7)
    .t9: box = kaix_core_string_concat_all(.t8)
    .t1 <- .t9
    br L0
  L3:
    .t10: box = projb x.0
    arm-take .t1$sd [.t10] drop-mask 0
    .t1$sd <- ()
    .t11: box = protocols____pimpl_Show_String_show(.t10)
    .t12: box = prim kai_nil()
    .t13: box = prim kai_cons(")", .t12)
    .t14: box = prim kai_cons(.t11, .t13)
    .t15: box = prim kai_cons("", .t14)
    .t16: box = prim kai_cons("Square(", .t15)
    .t17: box = kaix_core_string_concat_all(.t16)
    .t1 <- .t17
    br L0
  L0:
    drop .t1$sd
    ret .t1
}

