main.kai:8:24: error: call to `safe_div`: literal args violate `b != 0`
main.kai:9:24: error: call to `div`: literal args violate `b != 0`
main.kai:10:30: error: call to `safe_div`: literal args violate `b != 0`
main.kai:11:26: error: call to `scale`: literal args violate `k > 0`
main.kai:12:28: error: call to `scale`: literal args violate `k > 0.0`
main.kai:13:35: error: call to `scale`: literal args violate `k > 0`
