  double of double is times 4: 100 iter, OK
  a string equals itself: 100 iter, OK
  every int is below 40: counterexample at iter 6: n=44
  strings stay short: counterexample at iter 0: s=%XSu]bm, shrunk to s=XSu]bm
  lists and ints together: counterexample at iter 0: a=26, xs=[, \p!E1se, 8rekN/1lo, .u>X>lmE), 9=rcm?dmU2], shrunk to a=0, xs=[, 2]

2/5 checks passed
