error: wrong number of arguments to `cells`
index_collection_error_once.kai:11:16
error: type mismatch in function call
index_collection_error_once.kai:11:36
error: type mismatch in function call
index_collection_error_once.kai:12:41
error: type mismatch in function call
index_collection_error_once.kai:13:19
