error: wrong number of arguments to `mk`
index_collection_error_once.kai:11:13
error: type mismatch in function call
index_collection_error_once.kai:11:33
error: type mismatch in function call
index_collection_error_once.kai:12:41
error: type mismatch in function call
index_collection_error_once.kai:13:19
