# progen seed 1 depth 3

#[derive(Eq, Show)]
type Rec = { x: Int, y: [Int] }

#[derive(Eq, Show)]
type Sum = Ca(Int, Int, [Int]) | Cb | Cc(Int, Int, [Int]) | Cd(Rec)

const k0 : Int = 12
const k1 : Int = 1

fn h_bool(b: Bool) : Int = if b { 1 } else { 2 }

fn h_list(xs: [Int]) : Int = foldl(xs, 7, (acc, x) => ((acc * 31 + (x % 1000003)) % 1000000007))

fn h_rec(r: Rec) : Int = ((((7 * 31 + (r.x % 1000003)) % 1000000007) * 31 + h_list(r.y)) % 1000000007)

fn h_sum(s: Sum) : Int = match s {
  Ca(a, b, c) -> ((((((1 * 31 + (a % 1000003)) % 1000000007) * 31 + (b % 1000003)) % 1000000007) * 31 + h_list(c)) % 1000000007)
  Cb -> 2
  Cc(a, b, c) -> ((((((3 * 31 + (a % 1000003)) % 1000000007) * 31 + (b % 1000003)) % 1000000007) * 31 + h_list(c)) % 1000000007)
  Cd(a) -> ((4 * 31 + h_rec(a)) % 1000000007)
}

fn f0(xs: [Int], v: [Int]) : [Int] = match xs {
  [] -> []
  [h, ...t] -> [(((k0 |> ((x) => { k0 })) / 2) % 100003), ...f0(t, v)]
}

fn f1(n: Bool, k0: [Int], k1: Int) : Int = (((foldl(([0, (0 - 0), (0 - 5)] |> list.reverse), (match k1 { 3..7 -> { k1 }; m -> { 9 } }), (acc, x) => ((k1 + k1) % 10007)) |> ((v) => v)) % 9) % 100003)

fn max(n: Int) : Int = (((([(0 - 2), (0 - 2)] |> list.length) % 4) / (0 - 2)) % 100003)

fn product(k0: [Int]) : Sum = (if is_empty((k0 |> f0(k0, _))) { Cb } else { let k1 = (k0 |> sum); Cd((if true { Rec { x: 4, y: [7, (0 - 8), 9] } } else { let w = ((n) => (n + 2)); Rec { x: 2, y: [0..5] } })) })

fn nth(v: Sum, acc: Rec) : Bool = any((([5, 4] | ((acc) => k1) |? ((z) => false)) | ((x) => { k0 })), ((y) => ((y - y) != ((k0 % 7) ^ (y % 4)))))

fn main() : Unit / Stdout = {
  let chk = 17
  let k1 = [4]
  Stdout.print("s0 list=#{h_list(k1)}")
  let chk = ((chk * 31 + h_list(k1)) % 1000000007)
  let y = Rec { ((((if true { 5 } else { k0 }) % 7) ^ (length([2..4]) % 4))), (k1) }
  Stdout.print("s1 rec=#{y}")
  let chk = ((chk * 31 + h_rec(y)) % 1000000007)
  let w = ((n) => (n + 2))
  Stdout.print("s2 fn=#{w(3)}")
  let chk = ((chk * 31 + (w(5) % 1000003)) % 1000000007)
  let y = ((v) => v)
  Stdout.print("s3 fn=#{y(3)}")
  let chk = ((chk * 31 + (y(5) % 1000003)) % 1000000007)
  let n = ((match take([k0, ...[2, 9]], 7) { [] -> { (k0 - k0) }; [h] -> { let acc = (7 + h); (match [6] { [] -> { let x = y; acc }; [h] -> { h }; [h, ...t] if true -> { let k1 = w; h }; [h, ...t] -> { let v = y; k0 } }) }; [h, ...t] -> { k0 } }) + ((if true { let y = [5]; Rec { x: 1, y: [8] } } else { Rec { x: 4, y: [3, (0 - 9)] } })).x)
  Stdout.print("s4 int=#{n}")
  let chk = ((chk * 31 + (n % 1000003)) % 1000000007)
  let w = (max((match k1 { [] -> { let acc = false; 0 }; [h, ...t] if true -> { 8 }; [h, ...t] -> { let v = t; h } })) >= foldl((match k0 { 1 -> { k1 }; m if false -> { [1..4] }; m -> { k1 } }), (n / 2), (acc, x) => ((k0 % 7) % 10007)))
  Stdout.print("s5 bool=#{w}")
  let chk = ((chk * 31 + h_bool(w)) % 1000000007)
  let k0 = max(max((if false { n } else { 0 })))
  Stdout.print("s6 int=#{k0}")
  let chk = ((chk * 31 + (k0 % 1000003)) % 1000000007)
  let z = ((k1 | ((v) => { let acc = (k1 |? ((w) => false)); (n |> y) }) |? ((k1) => { (if true { let v = 1; w } else { w }) })) |> f0(([3] |> f0(k1, _))))
  Stdout.print("s7 list=#{z}")
  let chk = ((chk * 31 + h_list(z)) % 1000000007)
  Stdout.print("checksum=#{chk}")
}
